CGCGGCCGTGTCCACGCAGCCCTGGGATCAGGGTGGACTGTCGCGAGGATGGGCAGGAGGGACCTCGGCGGCGACCCCTAAAACAATACCATCGCCCGGGATCCGAGCTGCTGCCGCGCCAGCGTGTTCCCTTCCCACCAGCTTTACCCTGTCGGATACGGATGAGCTCATTGCAAGGAGAAGACGCAGCCGTCAGATTGCAGATTGAGCTTACCCAAGAAGTTCGTACGCTAAGCAAGGGTGGCTTGCCCTACAAAAGAAGACGAGAGTTCTGCCTGCCCAGTTGGGATTGTGTTGACACGGTTGAATACTTGCCTCTACCTGTTGCCAGTTTGGAAAAATCTTCCCTGTTGAATTTTTTGCCAATGGAGGACAGCAGCAAAAAGGCGAACACAGGCTGAATAGACCAGAGACCCGAGGGAGATTATTTTACCAATCGCCTTCGAAGCGTTCCCTCTAGCTGGAGTCTTGGACATCCACAGAACCCCGTCCAGTCGATTTGATTTTCGTGTTTATTTTTTTTATCTTTTTGTTTTTCGCACCACTATGTATTTTATTTCCGAACTTCAAAAAAGGGCCTACGAGGCACAAGAAGGCCCAGCCATGGGGTCTTTTTCCTGAAGTCTTGGCTTATCATTTCCCTGGGGCTCTACTTACAGGCGTCACTTGCGCGTTTGCGATTATCCATTTGCAACGCGGAGGTACGAGCGCTCGGAAATTCATCAGTGCCGCCAATACCTCGCGTCAAGGCGCGTAGCTACTACTCACCGAGGTGCGCCACTGCCTGTCCGTCCCTCGTGCCACGCAGCGCCTATGCGGCATCTCCGCTCCCGCGGCCGTGTCCACGCAGCCCTGGGATCAGGGTGGACTGTCGCGAGGATGGGCAGGAGGGACCTCGGCGGCGACCCCTAAAACAATACCATCGCCCGGGATCCGAGCTGCTGCCGCGCCAGCGTGTTCCCTTCCCACCAGCTTTACCCTGTCGGATACGGATGAGCTCATTGCAAGGAGAAGACGCAGCCGTCAGATTGCAGATTGAGCTTACCCAAGAAGTTCGTACGCTAAGCAAGGGTGGCTTGCCCTACAAAAGAAGACGAGAGTTCTGCCTGCCCAGTTGGGATTGTGTTGACACGGTTGAATACTTGCCTCTACCTGTTGCCAGTTTGGAAAAATCTTCCCTGTTGAATTTTTTGCCAATGGAGGACAGCAGCAAAAAGGCGAACACAGGCTGAATAGACCAGAGACCCGAGGGAGATTATTTTACCAATCGCCTTCGAAGCGTTCCCTCTAGCTGGAGTCTTGGACATCCACAGAACCCCGTCCAGTCGATTTGATTTTCGTGTTTATTTTTTTTATCTTTTTGTTTTTCGCACCACTATGTATTTTATTTCCGAACTTCAAAAAAGGGCCTACGAGGCACAAGAAGGCCCAGCCATGGGGTCTTTTTCCTGAAGTCTTGGCTTATCATTTCCCTGGGGCTCTACTTACAGGCGTCCAAACTACTGGCCGTCCCTGATGTGTGCGCCTGCTACAGGAACATGTGCTACTTGAATGAGCGAAGCTTGTCCTCGATCGCTCTTGGGATCCCGGAGGGCGATACTGCCATTCCACTCCAACACAACCTAATTAATAATGCTGGATTTCCTGCAGAATTCGAGAGGGTCAAGCTGGTGCACATGGTCTACCTTGATGGCAGCGTCATGGACGATTTCCCCATAGCACTTCCCGAAGATTGCAAGTTTCTCCATTGTACGGAAAACAATATTCGATCACTTTCAGCGGCTGTTTTTGGCACTCTCTGTAAGCTTAGGAAGCGTCACCTGGAGTACAAATCTATATCCACAGTCGGGGTGGGGAACGGGGCGTTCGCGGACGTCATTAGCCTACAATGGTTGTTTTTATTCAGAAATCAACTGAGCGATGTGCCTTGGTGGACTGTCGCGAGGATGGGCAGGAGGGACCTCGGCGGCGACCCCTAAAACAATACCATCGCCCGGGATCCGAGCTGCTGCCGCGCCAGCGTGTTCCCTTCCCACCAGCTTTACCCTGTCGGATACGGATGAGCTCATTGCAAGGAGAAGACGCAGCCGTCAGATTGCAGATTGAGCTTACCCAAGAAGTTCGTACGCTAAGCAAGGGTGGCTTGCCCTACAAAAGAAGACGAGAGTTCTGCCTGCCCAGTTGGGATTGTGTTGACACGGTTGAATACTTGCCTCTACCTGTTGCCAGTTTGGAAAAATCTTCCCTGTTGAATTTTTTGCCAATGGAGGACAGCAGCAAAAAGGCGAACACAGGCTGAATAGACCAGAGACCCGAGGGAGATTATTTTACCAATCGCCTTCGAAGCGTTCCCTCTAGCTGGAGTCTTGGACATCCACAGAACCCCGTCCAGTCGATTTGATTTTCGTGTTTATTTTTTTTATCTTTTTGTTTTTCGCACCACTATGTATTTTATTTCCGAACTTCAAAAAAGGGCCTACGAGGCACAAGAAGGCCCAGCCATGGGGTCTTTTTCCTGAAGTCTTGGCTTATCATTTCCCTGGGGCTCTACTTACGCAGCGCCTATGCGGCATCTCCGCTCCCGCGGCCGTGTCCACGCAGCCCTGGGATCAGGGTGGACTGTCGCGAGGATGGGCAGGAGGGACCTCGGCGGCGACCCCTAAAACAATACCATCGCCCGGGATCCGAGCTGCTGCCGCGCCAGCGTGTTCCCTTCCCACCAGCTTTACCCTGTCGGATACGGATGAGCTCATTGCAAGGAGAAGACGCAGCCGTCAGATTGCAGATTGAGCTTACCCAAGAAGTTCGTACGCTAAGCAAGGGTGGCTTGCCCTACAAAAGAAGACGAGAGTTCTGCCTGCCCAGTTGGGATTGTGTTGACACGGTTGAATACTTGCCTCTACCTGTTGCCAGTTTGGAAAAATCTTCCCTGTTGAATTTTTTGCCAATGGAGGACAGCAGCAAAAAGGCGAACACAGGCTGAATAGACCAGAGACCCGAGGGAGATTATTTTACCAATCGCCTTCGAAGCGTTCCCTCTAGCTGGAGTCTTGGACATCCACAGAACCCCGTCCAGTCGATTTGATTTTCGTGTTTATTTTTTTTATCTTTTTGTTTTTCGCACCACTATGTATTTTATTTCCGAACTTCAAAAAAGGGCCTACGAGGCACAAGAAGGCCCAGCCATGGGGTCTTTTTCCTGAAGTCTTGGCTTATCATTTCCCTGGGGCTCTACTTACAGGCGTCCAAACTACTGGCCGTCCCTGATGTGTGCGCCTGCTACAGGAACATGTGCTACTTGAATGTCGCCGTCACTTGCGCGTTTGCGATTATCCATTTGCAACGCGGAGGTACGAGCGCTCGGAAATTCATCAGTGCCGCCAATACCTCGCGTCAAGGCGCGTAGCTACTACTCACCGAGGTGCGCCACTGCCTGTCCGTCCCTCGTGCCACGCAGCGCCTATGCGGCATCTCCGCTCCCGCGGCCGTGTCCACGCAGCCCTGGGATCAGGGTGGACTGTCGCGAGGATGGGCAGGAGGGACCTCGGCGGCGACCCCTAAAACAATACCATCGCCCGGGATCCGAGCTGCTGCCGCGCCAGCGTGTTCCCTTCCCACCAGCTTTACCCTGTCGGATACGGATGAGCTCATTGCAAGGAGAAGACGCAGCCGTCAGATTGCAGATTGAGCTTACCCAAGAAGTTCGTACGCTAAGCAAGGGTGGCTTGCCCTACAAAAGAAGACGAGAGTTCTGCCTGCCCAGTTGGGATTGTGTTGACACGGTTGAATACTTGCCTCTACCTGTTGCCAGTTTGGAAAAATCTTCCCTGTTGAATTTTTTGCCAATGGAGGACAGCAGCAAAAAGGCGAACACAGGCTGAATAGACCAGAGACCCGAGGGAGATTATTTTACCAATCGCCTTCGAAGCGTTCCCTCTAGCTGGAGTCTTGGACATCCACAGAACCCCGTCCAGTCGATTTGATTTTCGTGTTTATTTTTTTTATCTTTTTGTTTTTCGCACCACTATGTATTTTATTTCCGAACTTCAAAAAAGGGCCTACGAGGCACAAGAAGGCCCAGCCATGGGGTCTTTTTCCTGAAGTCTTGGCTTATCATTTCCCTGGGGCTCTACTTACAGGCGTCCAAACTACTGGCCGTCCCTGATGTGTGCGCCTGCTACAGGAACATGTGCTACTTGAATGAGCGAAGCTTGTCCTCGATCGCTCTTGGGATCCCGGAGGGCGATACTGCCATTCCACTCCAACACAACCTAATTAATAATGCTGGATTTCCTGCAGAATTCGAGAGGGTCAAGCTGGTGCACATGGTCTACCTTGATGGCAGCGTCATGGACGATTTCCCCATAGCACTTCCCGAAGATTGCAAGTTTCTCCATTGTACGGAAAACAATATTCGATCACTTTCAGCGGCTGTTTTTGGCACTCTCTGTAAGCTTAGGAAGCGTCACCTGGAGTACAAATCTATATCCACAGTCGGGGTGGGGAACGGGGCGTTCGCGGACGTCATTAGCCTACAATGGTTGTTTTTATTCAGAAATCAACTGAGCGATGTGCCTTGGTGGCTTCCTGTGAGCTTGCCTCGGCGGCGACCCCTAAAACAATACCATCGCCCGGGATCCGAGCTGCTGCCGCGCCAGCGTGTTCCCTTCCCACCAGCTTTACCCTGTCGGATACGGATGAGCTCATTGCAAGGAGAAGACGCAGCCGTCAGATTGCAGATTGAGCTTACCCAAGAAGTTCGTACGCTAAGCAAGGGTGGCTTGCCCTACAAAAGAAGACGAGAGTTCTGCCTGCCCAGTTGGGATTGTGTTGACACGGTTGAATACTTGCCTCTACCTGTTGCCAGTTTGGAAAAATCTTCCCTGTTGAATTTTTTGCCAATGGAGGACAGCAGCAAAAAGGCGAACACAGGCTGAATAGACCAGAGACCCGAGGGAGATTATTTTACCAATCGCCTTCGAAGCGTTCCCTCTAGCTGGAGTCTTGGACATCCACAGAACCCCGTCCAGTCGATTTGATTTTCGTGTTTATTTTTTTTATCTTTTTGTTTTTCGCACCACTATGTATTTTATATATGTAAACATGTGTTAATATGTATATATATATATGTATACATGTGTATACATGTATACATGTGTATGTATCTATATACATATTTGTACAATGAAGTATATAATCCACTATAAATTGGTGCTCGTAGATATATAGTATAGGCTGAGTCGTTCTATTGTTGCTTGAGCGGCTTTTCACCAGCCCACAATAGTTGATAGTTCGAAACCTGTCGCCGTCACTTGCGCGTTTGCGATTATCCATTTGCAACGCGGAGGTACGAGCGCTCGGAAATTCATCAGTGCCGCCAATACCTCGCGTCAAGGCGCGTAGCTACTACTCACCGAGGTGCGCCACTGCCTGTCCGTCCCTCGTGCCACGCAGCGCCTATGCGGCATCTCCGCTCCCGCGGCCGTGTCCACGCAGCCCTGGGATCAGGGTGGACTGTCGCGAGGATGGGCAGGAGGGACCTCGGCGGCGACCCCTAAAACAATACCATCGCCCGGGATCCGAGCTGCTGCCGCGCCAGCGTGTTCCCTTCCCACCAGCTTTACCCTGTCGGATACGGATGAGCTCATTGCAAGGAGAAGACGCAGCCGTCAGATTGCAGATTGAGCTTACCCAAGAAGTTCGTACGCTAAGCAAGGGTGGCTTGCCCTACAAAAGAAGACGAGAGTTCTGCCTGCCCAGTTGGGATTGTGTTGACACGGTTGAATACTTGCCTCTACCTGTTGCCAGTTTGGAAAAATCTTCCCTGTTGAATTTTTTGCCAATGGAGGACAGCAGCAAAAAGGCGAACACAGGCTGAATAGACCAGAGACCCGAGGGAGATTATTTTACCAATCGCCTTCGAAGCGTTCCCTCTAGCTGGAGTCTTGGACATCCACAGAACCCCGTCCAGTCGATTTGATTTTCGTGTTTATTTTTTTTATCTTTTTGTTTTTCGCACCACTATGTATTTTATTTCCGAACTTCAAAAAAGGGCCTACGAGGCACAAGAAGGCCCAGCCATGGGGTCTTTTTCCTGAAGTCTTGGCTTATCATTTCCCTGGGGCTCTACTTACAGGCGTCCAAACTACTGGCCGTCCCTGATGTGTGCGCCTGCTACAGGAACATGTGCTACTTGAATGAGCGAAGCTTGTCCTCGATCGCTCTTGGGATCCCGGAGGGCGATACTGCCATTCCACTCCAACACAACCTAATTAATAATGCTGGATTTCCTGCAGAATTCGAGAGGGTCAAGCTGGTGCACATGGTCTACCTTGATGGCAGCGTCATGGACGATTTCCCCATAGCACTTCCCGAAGATTGCAAGTTTCTCCATTGTACGGAAAACAATATTCGATCACTTTCAGCGGCTGTTTTTGGCACTCTCTGTAAGCTTAGGAAGCGTCACCTGGAGTACAAATCTATATCCACAGTCGGGGTGGGGAACGGGGCGTTCGCGGACGTCATTAGCCTACAATGGTTGTTTTTATTCAGAAATCAACTGAGCGATGTGCCTTGGTGGCTTCCTGTGAGCTTGCAGAAGCTGAAGTGTTATGAAAATCGATAGTCTGTCATTACCGCAATGGCCGTCCAAGATCTCACCGAGGTGCGCCACTGCCTGTCCGTCCCTCGTGCCACGCAGCGCCTATGCGGCATCTCCGCTCCCGCGGCCGTGTCCACGCAGCCCTGGGATCAGGGTGGACTGTCGCGAGGATGGGCAGGAGGGACCTCGGCGGCGACCCCTAAAACAATACCATCGCCCGGGATCCGAGCTGCTGCCGCGCCAGCGTGTTCCCTTCCCACCAGCTTTACCCTGTCGGATACGGATGAGCTCATTGCAAGGAGAAGACGCAGCCGTCAGATTGCAGATTGAGCTTACCCAAGAAGTTCGTACGCTAAGCAAGGGTGGCTTGCCCTACAAAAGAAGACGAGAGTTCTGCCTGCCCAGTTGGGATTGTGTTGACACGGTTGAATACTTGCCTCTACCTGTTGCCAGTTTGGAAAAATCTTCCCTGTTGAATTTTTTGCCAATGGAGGACAGCAGCAAAAAGGCGAACACAGGCTGAATAGACCAGAGACCCGAGGGAGATTATTTTACCAATCGCCTTCGAAGCGTTCCCTCTAGCTGGAGTCTTGGACATCCACAGAACCCCGTCCAGTCGATTTGATTTTCGTGTTTATTTTTTTTATCTTTTTGTTTTTCGCACCACTATGTATTTTATTTCCGAACTTCAAAAAAGGGCCTACGAGGCACAAGAAGGCCCAGCCATGGGGTCTTTTTCCTGAAGTCTTGGCTTATCATTTCCCTGGGGCTCTACTTACAGGCGTCCAAACTACTGGCCGTCCCTGATGTGTGCGCCTGCTACAGGAACATGTGCTACTTGAATGAGCGAAGCTTGTCCTCGATCGCTCTTGGGATCCCGGAGGGCGATACTGCCATTCCACTCCAACACAACCTAATTAATAATGCTGGATTTCCTGCAGAATTCGAGAGGGTCAAGCTGGTGCACATGGTCTACCTTGATGGCAGCGTCATGGACGATTTCCCCATAGCACTTCCCGAAGATTGCAAGTTTCTCCATTGTACGGAAAACAATATTCGATCACTTTCAGCGGCTGTTTTTGGCACTCTCTGTAAGCTTAGGAAGCGTCACCAGCTACTCTTGGGAAGTAAACTTTGGTCACCACAATATACATAGCAGATATTAAATATCTAGGACGGTTTTCTTTAATTGTTTAATTCGTAGGAAAGCCACTGGGAGTCTTCTGGGCGCCAGAAGCAAATTAGGAGACAACGAATTTAGTAAATATAATGGTAATAATGCATAAGTTCTCTCGTCACGGTCCGTTCCATGTATGATCTACATGCTGCCATAAATTTTTTACTTATAGTAAAAATTGCTTTGTGAATATTCCATACATTTGCTAAGTTCTGACTGGTCGAGTTCAGTCTTTCCTATTAGAGTCGAGACTCCTTGCAAAAGGATTTGAGCCCCTTGATGAGAACATAGGCCACATAGTGTGCCAAACACATCATTAGAAACTGGCTCCTATTCACTCTCTTAATAGCTTGCGGGATATGATGACAAACGTTTTTAAAATCAAGATCCTACCGTAGGCTTTACGGCTCGACAGTCGAATCGCCTAGGTGAAAACTTCGACCCTGCTTCTTTCTGGCCTTTCTTCCCCGTGACTTTGGACCAGTTGCTATTACTGTAGCCATAATTTCCTCATAGATATGGTATGAGTTACAATGCATAGAAACGATGTACCCATACATGTGCATTTCTCCATAATGTGGGTGGCAATTATTCTAATCCTCTCCACAAAGTATTATGTCTATGACTCATTTCGTGGAAAACCACCGAAAGTTGATAGTTCGAAACCTGTCGCCGTCACTTGCGCGTTTGCGATTATCCATTTGCAACGCGGAGGTACGAGCGCTCGGAAATTCATCAGTGCCGCCAATACCTCGCGTCAAGGCGCGTAGCTACTACTCACCGAGGTGCGCCACTGCCTGTCCGTCCCTCGTGCCACGCAGCGCCTATGCGGCATCTCCGCTCCCGCGGCCGTGTCCACGCAGCCCTGGGATCAGGGTGGACTGTCGCGAGGATGGGCAGGAGGGACCTCGGCGGCGACCCCTAAAACAATACCATCGCCCGGGATCCGAGCTGCTGCCGCGCCAGCGTGTTCCCTTCCCACCAGCTTTACCCTGTCGGATACGGATGAGCTCATTGCAAGGAGAAGACGCAGCCGTCAGATTGCAGATTGAGCTTACCCAAGAAGTTCGTACGCTAAGCAAGGGTGGCTTGCCCTACAAAAGAAGACGAGAGTTCTGCCTGCCCAGTTGGGATTGTGTTGACACGGTTGAATACTTGCCTCTACCTGTTGCCAGTTTGGAAAAATCTTCCCTGTTGAATTTTTTGCCAATGGAGGACAGCAGCAAAAAGGCGAACACAGGCTGAATAGACCAGAGACCCGAGGGAGATTATTTTACCAATCGCCTTCGAAGCGTTCCCTCTAGCTGGAGTCTTGGACATCCACAGAACCCCGTCCAGTCGATTTGATTTTCGTGTTTATTTTTTTTATCTTTTTGTTTTTCGCACCACTATGTATTTTATTTCCGAACTTCAAAAAAGGGCCTACGAGGCACAAGAAGGCCCAGCCATGGGGTCTTTTTCCTGAAGTCTTGGCTTATCATTTCCCTGGGGCTCTACTTACAGGCGTCCAAACTACTGGCCGTCCCTGATGTGTGCGCCTGCTACAGGAACATGTGCTACTTGAATGAGCGAAGCTTGTCCTCGATCGCTCTTGGGATCCCGGAGGGCGATACTGCCATTCCACTCCAACACAACCTAATTAATAATGCTGGATTTCCTGCAGAATTCGAGAGGGTCAAGCTGGTGCACATGGTCTACCTTGATGGCAGCGTCATGGACGATTTCCCCATAGCACTTCCCGAAGATTGCAAGTTTCTCCATTGTACGGAAAACAATATTCGATCACTTTCAGCGGCTGTTTTTGGCACTCTCTGTAAGCTTAGGAAGCGTCACCTGGAGTACAAATCTATATCCACAGTCGGGGTGGGGAACGGGGCGTTCGCGGACGTCATTAGCCTACAATGGTTGTTTTTATTCAGAAATCAACTGAGCGATGTGCCTTGGTGGCTTCCTGTGAGCTTGCAGAAGCTGAAGTGTTATGAAAATCGATAGTCTGTCATTACCGCGCCAGCGTGTTCCCTTCCCACCAGCTTTACCCTGTCGGATACGGATGAGCTCATTGCAAGGAGAAGACGCAGCCGTCAGATTGCAGATTGAGCTTACCCAAGAAGTTCGTACGCTAAGCAAGGGTGGCTTGCCCTACAAAAGAAGACGAGAGTTCTGCCTGCCCAGTTGGGATTGTGTTGACACGGTTGAATACTTGCCTCTACCTGTTGCCAGTTTGGAAGTTGATAGTTCGAAACCTGTCGCCGTCACTTGCGCGTTTGCGATTATCCATTTGCAACGCGGAGGTACGAGCGCTCGGAAATTCATCAGTGCCGCCAATACCTCGCGTCAAGGCGCGTAGCTACTACTCACCGAGGTGCGCCACTGCCTGTCCGTCCCTCGTGCCACGCAGCGCCTATGCGGCATCTCCGCTCCCGCGGCCGTGTCCACGCAGCCCTGGGATCAGGGTGGACTGTCGCGAGGATGGGCAGGAGGGACCTCGGCGGCGACCCCTAAAACAATACCATCGCCCGGGATCCGAGCTGCTGCCGCGCCAGCGTGTTCCCTTCCCACCAGCTTTACCCTGTCGGATACGGATGAGCTCATTGCAAGGAGAAGACGCAGCCGTCAGATTGCAGATTGAGCTTACCCAAGAAGTTCGTACGCTAAGCAAGGGTGGCTTGCCCTACAAAAGAAGACGAGAGTTCTGCCTGCCCAGTTGGGATTGTGTTGACACGGTTGAATACTTGCCTCTACCTGTTGCCAGTTTGGAAAAATCTTCCCTGTTGAATTTTTTGCCAATGGAGGACAGCAGCAAAAAGGCGAACACAGGCTGAATAGACCAGAGACCCGAGGGAGATTATTTTACCAATCGCCTTCGAAGCGTTCCCTCTAGCTGGAGTCTTGGACATCCACAGAACCCCGTCCAGTCGATTTGATTTTCGTGTTTATTTTTTTTATCTTTTTGTTTTTCGCACCACTATGTATTTTATTTCCGAACTTCAAAAAAGGGCCTACGAGGCACAAGAAGGCCCAGCCATGGGGTCTTTTTCCTGAAGTCTTGGCTTATCATTTCCCTGGGGCTCTACTTACAGGCGTCCAAACTACTGGCCGTCCCTGATGTGTGCGCCTGCTACAGGAACATGTGCTACTTGAATGAGCGAAGCTTGTCCTCGATCGCTCTTGGGATCCCGGAGGGCGATACTGCCATTCCACTCCAACACAACCTAATTAATAATGCTGGATTTCCTGCAGAATTCGAGAGGGTCAAGCTGGTGCACATGGTCTACCTTGATGGCAGCGTCATGGACGATTTCCCCATAGCACTTCCCGAAGATTGCAAGTTTCTCCATTGTACGGAAAACAATATTCGATCACTTTCAGCGGCTGTTTTTGGCACTCTCTGTAAGCTTAGGAAGCGTCACCTGGAGTACAAATCTATATCCACAGTCGGGGTGGGGAACGGGGCGTTCGCGGACGTCATTAGCCTACAATGGTTGTTTTTATTCAGAAATCAACTGAGCGATGTGCCTTGGTGGCTTCCTGTGAGCTTGCAGAAGCTGAAGTGTTATGAAAATCGATAGTCTGTCATTACCGCAATGGCCGTCCAAGATCTCACGAGCTTGGAGGCGGATACGGATGAGCTCATTGCAAGGAGAAGACGCAGCCGTCAGATTGCAGATTGAGCTTACCCAAGAAGTTCGTACGCTAAGCAAGGGTGGCTTGCCCTACAAAAGAAGACGAGAGTTCTGCCTGCCCAGTTGGGATTGTGTTGACACGGTTGAATACTTCCATTTGCAACGCGGAGGTACGAGCGCTCGGAAATTCATCAGTGCCGCCAATACCTCGCGTCAAGGCGCGTAGCTACTACTCACCGAGGTGCGCCACTGCCTGTCCGTCCCTCGTGCCACGCAGCGCCTATGCGGCATCTCCGCTCCCGCGGCCGTGTCCACGCAGCCCTGGGATCAGGGTGGACTGTCGCGAGGATGGGCAGGAGGGACCTCGGCGGCGACCCCTAAAACAATACCATCGCCCGGGATCCGAGCTGCTGCCGCGCCAGCGTGTTCCCTTCCCACCAGCTTTACCCTGTCGGATACGGATGAGCTCATTGCAAGGAGAAGACGCAGCCGTCAGATTGCAGATTGAGCTTACCCAAGAAGTTCGTACGCTAAGCAAGGGTGGCTTGCCCTACAAAAGAAGACGAGAGTTCTGCCTGCCCAGTTGGGATTGTGTTGACACGGTTGAATACTTGCCTCTACCTGTTGCCAGTTTGGAAAAATCTTCCCTGTTGAATTTTTTGCCAATGGAGGACAGCAGCAAAAAGGCGAACACAGGCTGAATAGACCAGAGACCCGAGGGAGATTATTTTACCAATCGCCTTCGAAGCGTTCCCTCTAGCTGGAGTCTTGGACATCCACAGAACCCCGTCCAGTCGATTTGATTTTCGTGTTTATTTTTTTTATCTTTTTGTTTTTCGCACCACTATGTATTTTATTTCCGAACTTCAAAAAAGGGCCTACGAGGCACAAGAAGGCCCAGCCATGGGGTCTTTTTCCTGAAGTCTTGGCTTATCATTTCCCTGGGGCTCTACTTACAGGCGTCCAAACTACTGGCCGTCCCTGATGTGTGCGCCTGCTACAGGAACATGTGCTACTTGAATGAGCGAAGCTTGTCCTCGATCGCTCTTGGGATCCCGGAGGGCGATACTGCCATTCCACTCCAACACAACCTAATTAATAATGCTGGATTTCCTGCAGAATTCGAGAGGGTCAAGCTGGTGCACATGGTCTACCTTGATGGCAGCGTCATGGACGATTTCCCCATAGCACTTCCCGAAGATTGCAAGTTTCTCCATTGTACGGAAAACAATATTCGATCACTTTCAGCGGCTGTTTTTGGCACTCTCTGTAAGCTTAGGAAGCGTCACCTGGAGTACAAATCTATATCCACTATTAAGTGCTCTGATATGCAGTATAATTTTAATTGAGAACGAACTTTTTTAATTGTTTGGGGGACGACTTCTATTCTTTATGAGAGTCTTCCTTTTCATTGAGGCGTACCCAAGATACCAATGTTTCTTTAAGAGATAATTTCGATATTCCACTCTGCAGTAGTATTTCGCATATTGTTTCTTGCCACAGGAAAATTCTTTTTAGAGAATTTTTTTCTTATAACGTCTTTCAACTGATGAAACCAACAAATAACCCATTTTTATTTTTAGAGTAAGAGCCTTTGAAAAAAATATTATACAACTTTCAATAAATTTAAAGTGACATTATAGCTTTATAGGCACCAGTCAAATATGAGCTTCAGCTTATATGGAGTCAACTATAGGATTTTCACAACTGTCATTTGTTCACAGTAAGTTATATCAATATAGTTTCTTAGTATCAACATTTAGCGTAATCAATAAGCATCAAAATTTTCTCAGTACTTATAAGAATCCAGAAATTATCAATGATGTTTCTTTTTCTATTATTTAAATCTGCTTTTGCTCGGCAAATCTTCCCCTCTAGGAAGTTAGAGTTATTTTTGTCCATTAATCAATGTAAGAACACCTTATCTTAGATTCATTAGTCCTCGAGCTTCTAGAACATGGACATTTCCAGTTTTTCTGGCTTGGGGAATGTCATATGTCATTCTGTGAGTGGATGTTGCTCTATAGGACATGAGAACAAACAAGGGAACATTAAGGTTTTAACACAAGGACGCTAGATTGAAATGGATGACTTAATGGTCATGACCCAAAAGAGAGAAGGCAGCAAATGGTTCCAGACATTTATAATTTAGCATCTGAATGCAGAACACCTATCTTTTTCTTTTACCATTGACCAAATTTATGAGGTTCCTTGAAGTAGATGCTACAATACTCTTACTAGTCCCTTCTCTCTCACGAAAATAAAACTGTGATGGTTCTTCTTTGTAAAAGTTTAGTGATAACATCCTATGCACATTTTTCTTTATAGTAAGAGCGATTATTCCCTTATAAATATAGTCCAACTTATATGTGTTAACTTCCCTTGTGCCTCTGAATGAGCAGAAAATATAACTGCAGCTGTAGTTCGTAGAGACAAGAATTGAAACTGTGCATGCAATAGAGCTGAACTTAGCAATGAATTAATTTAAATTAATTCTGAAGTGACGCTGGTTTTCATTTTAGTCTATTAGCTAGAGGGTTGCTGCTGTTGCTTTTTTTCAGATTATTGACCCCCATGAGCGGGAAAAGAGTCTGTGCAGGTGATCAGTGTAGCGATAATACATCTAAAATCAGAACCTAGACATAGATGCTTTGTGTACTTAGTTGGATAATCTCTTTCTACTGCTCTCTTCCCTCTGGCTGCGTAGATAGAATTGTGCATTCAAATCTAGGTACTTTGATCGAGGAGGGTTTTTATTTCGGTTATTCACAAAATACTCATCCTCATTTATGTAAATTGTATGTTTAACCCCCAGTGCGATTTTCGGCTGCTGAACACACTTTGGGCCAGAGATAACAAGGATGAAGAGTTTCCTGCTATTTATTATGGGGGTCACGGAATATTTTGGGGCTTAAAAGGTACAATGGAGACAGTACTGTGCAATGCTTCAAGGTGTCTGGCTGGGTCCCTTTTGTCGGCGGTGTTCCTGACGTAGTTTGGGACTCTCTTGCTTGACTTAGTATGATTTTTGGAATGATTAGTCAAGAGTCCAGGTTGGCAGGACAGCCCAAGACCATGGGCAAAGAAGCCATGCTCACAGCGCAATAGAGAGCTGTATGCGTCCTGGCCACAGTAGGTGACTCAGTAAGACTTTTATCCACTTCAGAGCTTGGTAAATGTCACGGTCCGAAAGACTAAGAAAGAGAAGAGGCATGATCATAGTTAAAAGGATATATTGACGGATACTTATAGCCTGGGTAGTTGGTAATACCTGCTTGTTTGGGGCGATATGTTTGATTATAAGGGAATCCTGGGCCACCTCCGAACACCGTCAAGTGCATTAGCGACCCACTGCATGGAGCTTACGCAGGCACATACGAGGAATGTATCCCCTGCCATTTTGCCTTGTGATACAAATCAGGAACATTATCCCCTGTGAGAAATATACACATTCTCAATGATCTGGAGGTTCGTTTAAAGTAATTTAGAACTTCTCCCCCAGGATAAAAGCAATAAGTACGTCAGATTGCAGATTGAGCTTACCCAAGAAGTTCGTACGCTAAGCAAGGGTGGCTTGCCCTACAAAAGAAGACGAGAGTTCTGCCTGCCCAGTTGGGATTGTGTTGACACGGTTCCCTCGTGCCACGCAGCGCCTATGCGGCATCTCCGCTCCCGCGGCCGTGTCCACGCAGCCCTGGGATCAGGGTGGACTGTCGCGAGGATGGGCAGGAGGGACCTCGGCGGCGACCCCTAAAACAATACCATCGCCCGGGATCCGAGCTGCTGCCGCGCCAGCGTGTTCCCTTCCCACCAGCTTTACCCTGTCGGATACGGATGAGCTCATTGCAAGGAGAAGACGCAGCCGTCAGATTGCAGATTGAGCTTACCCAAGAAGTTCGTACGCTAAGCAAGGGTGGCTTGCCCTACAAAAGAAGACGAGAGTTCTGCCTGCCCAGTTGGGATTGTGTTGACACGGTTGAATACTTGCCTCTACCTGTTGCCAGTTTGGAAAAATCTTCCCTGTTGAATTTTTTGCCAATGGAGGACAGCAGCAAAAAGGCGAACACAGGCTGAATAGACCAGAGACCCGAGGGAGATTATTTTACCAATCGCCTTCGAAGCGTTCCCTCTAGCTGGAGTCTTGGACATCCACAGAACCCCGTCCAGTCGATTTGATTTTCGTGTTTATTTTTTTTATCTTTTTGTTTTTCGCACCACTATGTATTTTATTTCCGAACTTCAAAAAAGGGCCTACGAGGCACAAGAAGGCCCAGCCATGGGGTCTTTTTCCTGAAGTCTTGGCTTATCATTTCCCTGGGGCTCTACTTACAGGCGTCCAAACTACTGGCCGTCCCTGATGTGTGCGCCTGCTACAGGAACATGTGCTACTTGAATGAGCGATGTCCGTCCCTCGTGCCACGCAGCGCCTATGCGGCATCTCCGCTCCCGCGGCCGTGTCCACGCAGCCCTGGGATCAGGGTGGACTGTCGCGAGGATGGGCAGGAGGGACCTCGGCGGCGACCCCTAAAACAATACCATCGCCCGGGATCCGAGCTGCTGCCGCGCCAGCGTGTTCCCTTCCCACCAGCTTTACCCTGTCGGATACGGATGAGCTCATTGCAAGGAGAAGACGCAGCCGTCAGATTGCAGATTGAGCTTACCCAAGAAGTTCGTACGCTAAGCAAGGGTGGCTTGCCCTACAAAAGAAGACGAGAGTTCTGCCTGCCCAGTTGGGATTGTGTTGACACGGTTGAATACTTGCCTCTACCTGTTGCCAGTTTGGAAAAATCTTCCCTGTTGAATTTTTTGCCAATGGAGGACAGCAGCAAAAAGGCGAACACAGGCTGAATAGACCAGAGACCCGAGGGAGATTATTTTACCAATCGCCTTCGAAGCGTTCCCTCTAGCTGGAGTCTTGGACATCCACAGAACCCCGTCCAGTCGATTTGATTTTCGTGTTTATTTTTTTTATCTTTTTGTTTTTCGCACCACTATGTATTTTATTTCCGAACTTCAAAAAAGGGCCTACGAGGCACAAGAAGGCCCAGCCATGGGGTCTTTTTCCTGAAGTCTTGGCTTATCATTTCCCTGGGGCTCTACTTACAGGCGTCCAAACTACTGGCCGTCCCTGATGTGTGCGCCTGCTACAGGAACATGTGCTACTTGAATGAGCGAAGCTTGTCCTCGATCGCTCTTGGGATCCCGGAGGGCGATACTGCCATTCCACTCCAACACAACCTAATTAATAATGCTGGATTTCCTGCAGAATTCGAGAGGGTCAAGCTGGTGCACATGGTCTACCTTGATGGCAGCGTCATGGACGATTTCCCCATAGCACTTCCCGAAGATTGCAAGTTTCTCCATTGTACGGAAAACAATATTCGATCACTTTCAGCGGCTGTTTTTGGCA
146
51
720
5670
720
916
5412
1020
26
987
803
5338
811
3420
998
12711
715
933
10390
795
5625
684
764
840
975
13580
817
805
33
191
155
67
792
817
3304
172
10364
741
735
661
976
70
124
700
13729
735
924
754
700
814
3307
701
840
789
52
840
190
35
5283
154
822
178
63
5283
175
697
114
7710
676
5348
708
890
917
1
985
882
705
803
34
5283
747
8
701
897
751
5294
47
730
129
14391
948
687
929
681
673
114
786
150
5092
1021
