TAGAAAGAACTAAAGAGCTTGCAGTTGTTACTCATAGAGTGAAAAAGGCCATAGATTTTAAATCTAGAGGATTTAAGTTGTTTCCAGGGAAAGACAACAGCAACAAGTTTTCTCTCTTAAATGAAGGAGGTATTAAAACAGCTTCCAACTTATGTCCAGATCCTGGAGAACCAGAAAATGGGAAGAGATTTGGATCAGATTTTAGCCTTGGATCCACTGTGCAGTTCTCCTGTGATGAAGATTATGTCCTACAGGGAGCAAAAAGCATTACTTGTCAAAGGATAGCTGAAGTGTTTGCTGCTTGGAGTGACCACAGGCCTGTATGTAAAGTGAAGACATGTGGCTCTAATCTTCAAGGACCAAGTGGCACCTTTACATCTCCCAACTTTCCATTCCAGTATGACAGCAATGCACAATGTGTATGGGTGATCACTGCCGTGAATACCAATAAGGTCATCCAGATAAACTTTGAAGAATTTGATTTGGAGATTGGCTATGACACGTTGACTATTGGTGATGGAGGTGAAGTTGGAGACCCAAGGACTGTGCTTCAGGTGCTAACTGGAAGCTTTGTGCCAGACCTGATAGTGAGCATGAGAAGCCAAATGTGGCTCCATCTTCAAACAGATGAAAGTGTTGGATCTGTTGGCTTCAAGGTTAACTACAAAGAAATTGAGAAGGAAAGCTGTGGCGATCCTGGCACACCGTTATATGGAATTAGAGAAGGCGATGGTTTTTCTAATCGTGATGTTTTAAGGTTTGAATGCCAGTTTGGGTTTGAATTAATTGGAGAGAAATCCATTGTTTGTCAAGAGAATAACCAATGGTCTGCAAATATACCCATCTGTATCTTTCCTTGCCTCTCTAACTTCACTGCACCAATGGGAACAGTCCTTTCCCCTGATTATCCAGAAGGTTATGGAAATAATTTAAATTGTATCTGGACAATAATCTCTGATCCAGGAAGCCGGATCCACCTTTCCTTCAATGACTTTGATCTGGAATCTCAATTTGACTTTCTTGCTGTTAAAGATGGTGACTCACCAGATTCCCCAATTCTGGGAACCTTTACTGGGGCAGAGGTGCCTTCCCATCTTACTAGTAACAGCCACATACTGCGACTGGAATTTCAAGCTGACCACTCTATGTCAGGGCGTGGCTTCAACATCACATACAATACATTTGGACATAATGAATGCCCAGATCCTGGAATACCCATCAATGCTCGTCGCTTTGGAGACAACTTTCAATTGGGCAGTTCTATTTCAGTTATTTGTGAAGAAGGGTTTATTAAAACCCAGGGAACAGAAACAATTACATGCATTCTGATGGATGGAAAAGTAATGTGGAGTGGACCAATTCCAAGATGTGGAGCTCCATGTGGTGGCCACTTTTCAGCTCCAAGTGGAGTAATTCTCTCACCAGGATGGCCAGGATACTACAAAGACTCTTTGAATTGTGAGTGGGTGATTGAAGCTGAACCTGGACACTCTATCAAAATTACATTTGAAAGATTTCAGACTGAACTAAATTATGATGTTCTGGAAGTTCATGATGGACCAAATCTTCTATCACCCTTACTTGGGTCTTACAATGGCACACAAGTGCCACAGTTTCTGTTCAGCAGCAGTAACTTTATATACCTACTGTTTACAACAGACAATAGCCGTTCCAATAATGGATTCAAGATTCATTATGAAAGTGTTACAGTGAACACATACTCTTGCTTGGACCCTGGCATCCCTGTCCATGGCCGTCGATATGGTCACGATTTCTCTATTGGGTCAACTGTTTCATTTAGTTGTGATCCAGGATACCGACTGAGCCATGAAGAGCCCCTTCTTTGTGAAAAAAACCATTGGTGGAGTCATCCACTCCCAACCTGTGATGCACTATGTGGCGGGGATGTGAGAGGACCTAGCGGGACAATCTTGTCTCCTGGTTACCCAGAATTTTATCCAAACTCTCTGAATTGTACATGGACAGTTGATGTCACCCATGGAAAAGGTGTGCAGTTCAACTTCCACACTTTTCATTTAGAAGACCATCATGACTATTTGCTGATCACAGAGAACGGTAGTTTTACCCAACCACTGGCACGACTCACTGGTTCGGAACTTCCCTCGACAATCAATGCTGGCCTTTATGGAAACTTCAGGGCTCAATTGCGCTTTATTTCTGACTTTTCAATAGAGACACAGTTGTATATCAGTGTAACCCTGGCTTTCGTCTGATTGGTTCTTCTGTGAGGATATGTCAGCAGGATCACAACTGGTCTGGTCAGCTCCCATCCTGTGTGCCTGTTAGCTGTGGTCACCCTGGTAGTCCAATTTATGGAAGAACAAGTGGAAATGGGTTCAACTTTAATGATGTGGTAACATTCTCTTGCAATATTGGGTATCTTATGCAAGGACCAACAAAGGCACAGTGTCAGGCTAACAGGCAGTGGAGCCATCCTCCACCAGTGTGCAAAGTGGTGAACTGTTCTGATCCTGGAATTCCAGCCAATTCCAAAAGAGAAAGCAAAATAGAACATGGAAATTTTACCTATGGCACTGTGGTATTCTATGACTGCAACCCAGGCTATTTTTTATTTGGCTCTTCAGTTTTGATATGTCAGCCAAATGGACAATGGGACAAACCTTTACCAGAATGTATCATGATTGACTGTGGACACCCTGGCATTCCTCCTAATGCTGTCCTGTCTGGAGAGAAGTATACTTTTGGGTCAACAGTTCACGTCTTTTTATTGACGCTGTCTTGTGTAAAAGGATTTATTTATACATGTGGTGGAACTTTAAAAGGACTCAATGGCACCATAGAAAGCCCTGGTTTTCCATATGGATATCCAAATGGTGCGAACTGTACATGGGTAATAATAGCAGAAGAACGAAATAGAATACAAATTGTTTTTCAGTCGTTTGCACTAGAAGAGGAGTACGACTACTTATCTTTGTATGATGGACATCCTCATCCGACGAACTTTAGGACAAGGTTAACAGGATTCCACCTACCACCACCAGTGACAAGTACCAAATCTGTGTTCTCACTACGGTTGACCAGTGACTTTGCTGTTAGTGCTCACGGATTTAAAGTATATTATGAAGAATTACAGAGTAGCTCCTGTGGAAATCCAGGAGTTCCACCCAAAGGTGTACTGTATGGAACAAGGTTTGATGTTGGGGACAAGATCCGCTACAGCTGTGTAACTGGATATATCCTTGATGGCCATCCTCAACTTACCTGCATAGCCAATTCGGTTAATACAGCTTCCTGGGATTTCCCTGTTCCAATTTGCAGAGCTGAAGATGCTTGTGGGGGAACAATGAGAGGTTCCAGTGGCATCATATCCAGCCCGGGTTTTCCTAATGAATACCATAACAATGCAGACTGCACATGGACCATTGTAGCAGAACCAGGGGACACAATCTCACTGATATTTACAGATTTTCAAATGGAAGAAAAATATGATTACCTAGAAATAGAAGGTTCTGAGCCACCTACAATATGGTTATCTGGAATGAATATACCACCACCAATTATCAGCAACAAAAACTGGCTCAGACTGCATTTTGTTACAGACAGCAATCACTTCAGGTGCTAACTGGAAGCTTTGTGCCAGACCTGATAGTGAGCATGAGAAGCCAAATGTGGCTCCATCTTCAAACAGATGAAAGTGTTGGATCTGTTGGCTTCAAGGTTAACTACAAAGAAATTGAGAAGGAAAGCTGTGGCGATCCTGGCACACCGTTATATGGAATTAGAGAAGGCGATGGTTTTTCTAATCGTGATGTTTTAAGGTTTGAATGCCAGTTTGGGTTTGAATTAATTGGAGAGAAATCCATTGTTTGTCAAGAGAATAACCAATGGTCTGCAAATATACCCATCTGTATCTTTCCTTGCCTCTCTAACTTCACTGCACCAATGGGAACAGTCCTTTCCCCTGATTATCCAGAAGGTTATGGATTCTCTGAATATAACCTTGAGCCTTGTGAAGACCCTGGGATTCCTCAATATGGTAGCCGAGTTGGATTCAGCTTTGGAGTCGGTGATACTCTGACCTTCTCATGCTCATTGGGTTACCGACTGGAGGGTTCTTCTGAGATCATCTGTCTTGGCGGTGGCCGGCGAGTGTGGAGTGCACCTCTGCCAAGGTGTGTGGCTGAATGTGGTGCATCTGCAACAAATAACGAGGGAATTCTCCTCTCTCCAAATTACCCATTGAACTATGAAAACAACCACGAATGCATTTACAGCCTTCAGGTCCAAGCAGGAAAAGGCATCAATATTTCAGCCAGAACGTTTCATTTAGCTCAAGGGGATGTTCTTAAGATTTATGATGGAAAAGATAAAACAACGCACCTACTGGGTGCTTTCACGGGTGCGTCTATGCGAGGACTGACACTAAGCAGCACATCAAATCAGCTCTGGCTAGAGTTTAATTCTGACTCTGAAGGGACAGATGAAGGCTTTCAACTTGTCTACACCAGTTTTGAACTTTCTCATTGTGAAGACCCAGGCATTCCACAGTTTGGATATAAGATCAGTGACCAAGGTCACTTTGCTGGCAGCACCATCATCTATGGATGCAATCCAGGCTATACTCTCCATGGAAGCAGCCTTCTGAAGTGCATGACTGGAGAGAGAAGGGCCTGGGACTACCCTCTACCTTCCTGTATTGCTGAATGTGGCGGCCGTTTCAAGGGAGAATCATCAGGAAGGATCTTGTCCCCTGGCTATCCCTTTCCATATGATAATAACCTTCGCTGCATGTGGATGATCGAAGTAGATCCAGGAAACATTGTAAGCCTACAGTTTCTTGCTTTCGATACAGAAGCCTCACATGATATACTCCGAGTTTGGTGTACATCTCCAGTTTGTAAATTTTTCTACAGAAACCATACATGATTACCTGGAAGTACGGAGTGGATCCTCCGAAATTAGCACTGTTATTGGACGGCTTAGTGGTCCGCAAATACCATCTTCTCTGTTTAGCACAACTCATGAAACCAGCTTGTATTTTCACAGTGACTATTCTCAGAACAAACAGGGATTTCATATTGTGTATCAAGCCTACCAGTTGCAAAGCTGTCCTGATCCTCGCCCATTTCGAAATGGGTTTGTAATTGGAAATGATTTTACTGTGGGTCAAACCATTTCATTCGAATGTTTCCCAGGATACACATTAATTGGCAACTCAGCTCTCACATGTCTTCATGGAGTCAGCCGGAATTGGAACCATCCGCTGCCAAGGTGTGAAGCTCTTTGTGGCGGGAATATAACTGCAATGAATGGTACCATTTATTCAGCTGCTTTTAATGTAACAAGCAATGGTCATGAAGTATTTCTTCAATGGTCTGCAGATCATGGCAATAACAAGAAAGGCTTCAGGATAAGATACATTGCCTTTTACTGTAGCACACCAGAATCTCCACCTCATGGATACATCATCAGTCAGACAGGGGGACAACTGAACAGTGTGGTTCGTTGGGCCTGTGACCGAGGGTTCCGACTCGTTGGGAAAAGCAGTGCTGTTTGCAGAAAATCATCCTATGGCTATCATTCATGGGATGCACCCGTCCCTGCCTGCCAAGCAATTTCTTGTGGAATTCCAAAAGCCCCAACTAATGGAGGAATCCTTACAACGGACTACTTGGTTGGAACTCGAGTTACCTACTTCTGCAATGATGGATACAGACTGTCATCCAAGGAGCTCACCACAGCCACCTGCCAGTCAGATGGGACATGGAGTAATCACAATAAGACCCCTCGCTGTGTTGTTGTTACATGTCCAAGTATCATTATGAAAGTGTTACAGTGAACACATACTCTTGCTTGGACCCTGGCATCCCTGTCCATGGCCGTCGATATGGTCACGATTTCTCTATTGGGTCAACTGTTTCATTTAGTTGTGATCCAGGATACCGACTGAGCCATGAAGAGCCCCTTCTTTGTGAAAAAAACCATTGGTGGAGTCATCCACTCCCAACCTGTGATGCACTATGTGGCGGGGATGTGAGAGGACCTAGCGGGACAATCTTGTCTCCTGGTTACCCAGAATTTTATCCAAACTCTCTGAATTGTACATGGACAGTTGATGTCACCCATGGAAAAGGTGTGCAGTTCAACTTCCACACTTTTCATTTAGAAGACCATCATGACTATTTGCTGATCACAGAAGGCCTGGATGGAATAGAGTCCTACCAAGTTGTCATGCACCCTGTGGAAGTCGTTCAACAGGTTCAGAAGGCACAGTGCTATCACCAAACTACCCCAAAAATTACAGTGTGGACCACAATTGTGTTTATTCTATAGCAGTTCCCAAGGAGTTTGTGGTGTTTGGCCAGTTTGTATTTTTCCAGACATCACTCCACGATGTTGTTGAGGTGTTTGATGGGCCAACTCAGCAGTCTCCTCTGTTATCTTCCCTCTCGGGATCCCATTCAGGAGAGTCACTTCCACTGAGTTCAGGTAATCAGATCACAATTCGATTCACTTCAGTTGGACCCATAACAGCTAAGGGATTTCACTTTGTTTATCAAGCCGTTCCTAGAACAAGCTCTACACAGTGCAGTTCTGTGCCCGAGCCAAGATTTGGAAGAAGGATTGGCAATGACTTTGGCCCTGCTTCTATTGAATGCCTTCCTAATGGTACTTGGAGTTGGAGAACTGAAAGACCGTACTGCCAAATCATCTCCTGTGGAGAGTTACCAACACCTCCAAATGGAAATAAGATTGGAACTCAAACTTCCTATGGCTCCACAGCCATCTTCACATGTGATTTGGGATTCATGCTTGTGGGCTCTGCTGTACGGGAATGCCTCTCTTCTGGTCTGTGGAGTGGATCAGAAACCAGATGTCTAGCGGGTCACTGTGGAATTCCAGAACTCATTGTGAATGGGCAAGTCATTGGAGAAAATTATGGATATAGAGACACAGTTGTATATCAGTGTAACCCTGGCTTTCGTCTGATTGGTTCTTCTGTGAGGATATGTCAGCAGGATCACAACTGGTCTGGTCAGCTCCCATCCTGTGTGCCTGTTAGCTGTGGTCACCCTGGTAGTCCAATTTATGGAAGAACAAGTGGAAATGGGTTCAACTTTAATGATGTGGTAACATTCTCTTGCAATATTGGGTATCTTATGCAAGGACCAACAAAGGCACAGTGTCAGGCTAACAGGCAGTGGAGCCATCCTCCACCAGTGTGCAAAGTGGTGAACTGTTCTGATCCTGGAATTCCAGCCAATTCCAAAAGAGAAAGCAAAATAGAACATGGAAATTTTACCTATGGCACTGTGGTATTCTATGACTGCAACCCAGGCTATTTTTTATTTGGCTCTTCAGTTTTGATATGTCAGCCAAATGGACAATGGGACAAACCTTTACCAGAATGTATCATGATTGACTGTGGACACCCTGGCATTCCTCCTAATGCTGTCCTGTCTGGAGAGAAGTATACTTTTGGGTCAACAGTTCACTATTCCTGCACAGGAAAGCGTTCTCTTCTAGGCCAGGCATCCAGGACTTGCCAGTTAAATGGACATTGGAGTGGATCTCAACCTCATTGTTCAGGTGATACTACTGGTACATGTGGGGATCCAGGTACACCTGGTCATGGCTCCAGACAGGAAAGTGATTTCAGAACTAAAAGCACTGTACGTTTTGCCTGTGATACTGGATACATTCTTTATGGCTCAGAAGAAAGAACATGTTTATCCAATGGCAGTTGGACTGGAAGACAGCCAGAGTGCAAAGCTGTGCAATGTGGTAATCCAGGAACAACAGCCAATGGGAAAGTCTTTCGAATTGATGGTACAACATTTTCCAGTTCTGTCATCTATTCTTGCCTGGAAGGCTATATCCTTTCAGGACCCTCTGTTAGACAGTGCACTGCCAACGGAACATGGTCTGGAAGTCTGCCCAACTGTACAATCATCAGTTGTGGAGACCCAGGTATACCAGCCAATGGATTGAGATATGGAGATGATTTTGTGGTTGGGCAAAATGTTTCTTACATGTGCCAGCCAGGCTATACCATAGAGTTAAATGGATCCAGAGTTAGAACATGTACAACTAATGGCACATGGAGTGGAGTCATGCCAACATGTAGAGCTGTTACCTGCTCAACTCCTCCCCAGATCTCTAATGGAAGGCTGGAAGGAACAAATTTCGACTGGGGCTTTAGTATTAGCTACATCTGTTCTGCAGGATATGAGCTGTCCTTTCCTGCCGTTCTGACCTGTGTAGGCAATGGTACCTGGAGTGGAGAGGTCCCGCAGTGCTTACCAAAGTTTTGTGGTGATCCTGGTATACCTTCCCAAGGAAAACGAGAAGGCAAAAGCTTTATATATCAGTCTGAGGTTTCATTCAGCTGCAATTCTCCCTTCATACTAGTGGGATCAAGCACGAGGTTATGCCAAACTGATGGCACTTGGAGTGGCTCATCACCTCACTGCATAGAACCTACCAGAACGTCCTGTGAAAACCCTGGAGTACCAAGGCATGGATCTCAAAACAACACATTTGGATTTCAAGTAGGAAGTGTTGTGCAGTTCCACTGCAAAAAGGGACACCTGCTTCAAGGATCTACAACAAGAACTTGCCTTCCTGACCTGACATGGAGTGGAATTCAACCTGAGTGCATACCTCACAGTTGTAAACAACCAGAAAGTCCTGCTCATGCAAACGTAGTAGGAATGGACCTTCCCTCCCATGGGTACACACTCATCTATACATGTCAGCCTGGCTTCTTCTTAGCAGGGGGAACTGAGCATAGAGTATGCAGATCTGATAATACCTGGACTGGAAAAGTTCCTGTCTGTGAAGCTGGTTCCAAAATATTAGTGAAAGATCCTCGACCTGCATTAGGAACACCTAGTCCGAAGCTAAGTGTTCCTGATGATGTGTTTGCCCAGAATTATATATGGAAAGGCTCTTATAATTTCAAAGGAAGGAAACAGCCCATGACCTTGACAGTCACTAGCTTCAATGCCTCTACTGGCAGAGTCAATGCGACACTGAGCAACAGCGACATGGAGTTGCTGCTTTCAGGGGTCTACAAAAGCCAGGAAGCCCGCCTAATGTTACATATATATCTTATTAAAGTGCCAGCACATGCTTCTGTGAAGAAAATGAAGGAAGAAAATTGGGCCATGGATGGATTTGTTTCTGCTGAGCCTGATGGAGCTACTTATGTATTCCAAGGATTTATTAAAGGCAAAGATTATGGGCAATTTGGACTACAAAGACTAGGACTGAATACTTCAGAAGGGTCAAATTCTTCAAATCAGCCTCATGGTACAAATAGCAGTTCTGTGGCCATTGCGATACTTGTGCCTTTTTTTGCACTTATATTTGCAGGATTTGGGTTTTATCTTTACAAACAAAGGACTGCACCCAAAACACAGTACACAGGATGTTCTGTTCATGAAAATAACAATGGCCAAGCAGCCTTTGAGAACCCCATGTATGACACCAATGCCAAGTCTGTGGAGGGGAAGGCAGTACGATTCGACCCCAACTTGAACACAGTTTGCACAATGGTATAACACGGCAACACGTTGCCTTCTTCAGAATCCTGGAAATCGACACACTGAACAGCAGTAACTTTATATACCTACTGTTTACAACAGACAATAGCCGTTCCAATAATGGATTCAAGATTCATTATGAAAGTGTTACAGTGAACACATACTCTTGCTTGGACCCTGGCATCCCTGTCCATGGCCGTCGATATGGTCACGATTTCTCTATTGGGTCAACTGTTTCATTTAGTTGTGATCCAGGATACCGACTGAGCCATGAAGAGCCCCTTCTTTGTGAAAAAAACCATTGGTGGAGTCATCCACTCCCAACCTGTGATGCACTATGTGGCGGGGATGTGAGAGGACCTAGCGGGACAATCTTGTCTCCTGGTTACCCAGAATTTTATCCAAACTCTCTGAATTGTACATGGACAGTTGATGTCACCCATGGAAAAGGTGTGCAGTTCAACTTCCACACTTTTCATTTAGAAGACCATCATGACTATTTGCTGATCACAGAGAACGGTAGTTTTACCCAACCACTGGCACGACTCACTGGTTCGGAACTTCCCTCGACAATCAGTTTTAGCATAGAACCAAACTATGACTTCCTCTACATATATGATGGCCCAGACAGTAATAGTCCATTGATTGGAAGTTTTCAAGACAGCAAGTTACCAGAAAGAATAGAGAGCAGCTCGAATACCATGCACTTGGCTTTTCGGAGTGATGGATCTGTCAGTTACACCGGATTTCATTTAGAGTATAAAGCAAAACTCCGGGAGTCCTGCTTTGATCCAGGAAATATAATGAATGGTACCAGACTTGGAATGGATTATAAATTGGGGTCAACAGTCACCTATTACTGTGATGCTGGCTATGTTCTCCAAGGTTATTCAACACTCACTTGTATCATGGGAGATGATGGAAGGCCTGGATGGAATAGAGTCCTACCAAGTTGTCATGCACCCTGTGGAAGTCGTTCAACAGGTTCAGAAGGCACAGTGCTATCACCAAACTACCCCAAAAATTACAGTGTGGACCACAATTGTGTTTATTCTATAGCAGTTCCCAAGGAGTTTGTGGTGTTTGGCCAGTTTGTATTTTTCCAGACATCACTCCACGATGTTGTTGAGGTGTTTGATGGGCCAACTCAGCAGTCTCCTCTGTTATCTTCCCTCTCGGGATCCCATTCAGGAGAGTCACTTCCACTGAGTTCAGGTAATCAGATCACAATTCGATTCACTTCAGTTGGACCCATAACAGCTAAGGGATTTCACTTTGTTTATCAAGCCGTTCCTAGAACAAGCTCTACACAGTGCAGTTCTGTGCCCGAGCCAAGATTTGGAAGAAGGATTGGCAATGACTTTGCAGTTGGTTCATTGGTCCTTTTTGAGTGTAATCCAGGATACATTCTCCATGGCTCCAGAGCCATTAGGTGTGAAACAGTACCCAATTCTTTGGCGCAGTGGAATGATTCCTTACCTACATGCATTGTGCCTTGTGGGGGAATTTTAACTAAGCGCAAAGGGACTATTTTGTCTCCTGGATATCCTGAGCCTTATGACAACAATTTGAATTGTGTTTGGAAGATCACAGTGCCAGAGGGAGCTGGAATTCAAGTACAAGTAGTTAGCTTTGCTACGGAGCACAACTGGGATTCTCTGGACTTCTATGATGGGGGAGACAACAATGCACCGAGACTTGGAAGTTATTCAGGAACAACAATACCGCATCTTCTCAATAGTACATCTAATAATTTATACCTAAACTTCCAATCAGACATCAGTGTCTCTGCTGCAGGATTTCATCTTGAGTACACAGCAATTGGTTTGGATTCTTGTCCTGAGCCACAAACCCCAAGCAGTGGAATTAAAGTTGGAGACAGATACATGGTTGGTGATGTGGTGTCATTCCAATGTGATCAAGGCTATTCTCTTCAGGGCCATTCTCATATTACGTGTATGCCTGGACCTGTAAGGAGATGGAATTATCCAATCCCCATTTGTTTGGCTCAGTGTGGAGGTGCAATGTCAGACTTCAGTGGTGTGATACTCAGTCCTGGTTTTCCCGGAAACTACCCCAGCAGCTTAGATTGCACATGGACAATAAAGCTGCCTATTGGCTTTGGTGTACATCTCCAGTTTGTAAATTTTTCTACAGAAACCATACATGATTACCTGGAAGTACGGAGTGGATCCTCCGAAATTAGCACTGTTATTGGACGGCTTAGTGGTCCGCAAATACCATCTTCTCTGTTTAGCACAACTCATGAAACCAGCTTGTATTTTCACAGTGACTATTCTCAGAACAAACAGGGATTTCATATTGTGTATCAAGCCTACCAGTTGCAAAGCTGTCCTGATCCTCGCCCATTTCGAAATGGGTTTGTAATTGGAAATGATTTTACTGTGGGTCAAACCATTTCATTCGAATGTTTCCCAGGATACACATTAATTGGCAACTCAGCTCTCACATGTCTTCATGGAGTCAGCCGGAATTGGAACCATCCGCTGCCAAGGTGTGAAGCTCTTTGTGGCGGGAATATAACTGCAATGAATGGTACCATTTATTCTCCTGGCTATCCTGATGAATATCCAAACTTCCAAGACTGCTTTTGGCTCGTAAGAGTTCCCCCTGGGAATGGGATCTACATCAATTTTACTGTTCTTCAAACAGAACCCATCTATGACTTCATTACTGTATGGGATGGACCTGACCAAAATTCACCCCAAATTGGTCAATTCAGTGGCAATACTGCTTTGGAATCAGTATACAGCACTTCAAATCAAATTCTAATCAAATTCCACAGTGACTTCACAACAAGTGGCTTTTTTGTGCTCAGTTATCATGCTTACCAACTGAGAGTGTGCCAACCTCCACCACCTGTCCCTAATGCAGAAATCCTGACAGAAGATGATGAGTTTGAAATAGGCGATATTATCAGATATCAGTGTCTTCCAGGGTTTACACTGGTTGGCAATGCAATTCTGACATGCAGATTGGGAGAGCGACTGCAGATGGATGGGGCACCTCCAGTGTGTCAAGTGCTCTGTCCTGCCAATGAACTACGACTGGATTCTACAGGAGTCATACTGAGTCCTGGATATCCTGACAGTTACCCAAATTTGCAGATGTGTGCGTGGAGCATCTCAGTGGAAAAGGGTTATAACATCAGCATGTTTGTAGAATTCTTCCAGACAGAAAAGGAGTTTGATGTTCTTCAGGTGTATGATGGACCAAATATTCAGAGTGCTTACCAAAGTTTTGTGGTGATCCTGGTATACCTTCCCAAGGAAAACGAGAAGGCAAAAGCTTTATATATCAGTCTGAGGTTTCATTCAGCTGCAATTCTCCCTTCATACTAGTGGGATCAAGCACGAGGTTATGCCAAACTGATGGCACTTGGAGTGGCTCATCACCTCACTGCATAGAACCTACCAGAACGTCCTGTGAAAACCCTGGAGTACCAAGGCATGGATCTCAAAACAACACATTTGGATTTCAAGTAGGAAGTGTTGTGCAGTTCCACTGCAAAAAGGGACACCTGCTTCAAGGATCTACAACAAGAACTTGCCTTCCTGACCTGACATGGAGTGGAATTCAACCTGAGTGCATACCTCACAGTTGTAAACAACCAGAAAGTCCTGCGTGCCAGCACATGCTTCTGTGAAGAAAATGAAGGAAGAAAATTGGGCCATGGATGGATTTGTTTCTGCTGAGCCTGATGGAGCTACTTATGTATTCCAAGGATTTATTAAAGGCAAAGATTATGGGCAATTTGGACTACAAAGACTAGGACTGAATACTTCAGAAGGGTCAAATTCTTCAAATCAGCCTCATGGTACAAATAGCAGTTCTGTGGCCATTGCGATACTTGTGCCTTTTTTTGCACTTATATTTGCAGGATTTGGGTTTTATCTTTACAAACAAAGGACTGCACCCAAAACACAGTACACAGGATGTTCTGTTCATGAAAATAACAATGGCCAAGCAGCCTTTGAGAACCCCATGTATGACACCAATGCCAAGTCTGTGGAGGGGAAGGCAGTACGATTCGACCCCAACTTGAACACAGTTTGCA
1585
3051
4859
834
11073
187
8657
10661
10376
1
4326
8201
549
10107
1625
8278
11194
12285
11005
3966
4052
9069
2740
6907
457
582
7190
6178
5303
9105
11858
12317
7487
4486
12081
2190
1053
8890
10426
11582
6620
8271
10579
1691
69
10802
8065
11792
10263
7881
