GTATTACATTTAGTGATATGAAGAAAGGCTGTTATCCTACATTTGCAGAGGAGGAGGGGAGGCAAACAAACCGAAAAACAAAAGGAGAGAAACATCACCCAACAACTGGGGTGGGGGGAAGAAAGAAAGAAAAGAAACCCACCCACTACTCACCCTGTGCTGCCTACTACCCTCCTGCCTCCCGGCTGGACAGAGTGTGGACTTCCCCTGGGCGGCCCTGGACGACAAGATCGTCAGAAAAGGGGACACGGCGGTGCTTAGCAAAACCATTTGAAAATGGACAATCTTTGGACATTTATGGAATAACCAGGGAGCAGGCTGGGGAATATGAATGCAGTGCGGAAAATGATGTGTCATTCCCAAATGTGAGGAAAGTAAAAGTTGTTGTCAACTTTGCTCCTAATATTCAGTAAATTATTTCTGGCACCGTGACCCCCGGTAGCAGTGGCCTGATAAGATGTGAAGGTCCAGGTGTGCTGCCTCCAGTCTCTGAATGGTACAAAGGAGAGAAGAAGATCTTCAATGGCCAACAAGGAGTTATTATTCAACATTTTAGCACAAGATTCATTCTCACTGTCACCAACGTGACATAGGTGCACTTCGGCAACTATAACCGTGTGGCTGCCAACAAGCTAGGCCCAACCGATGCGAGTGTGCCTCTTAACCTTCCTCCTAATATGTATGACCTCGCAAATGATATGACCGTCGATGAAGGAATCAACGTCGCTCTTACTTGTTTGGCCACTGGGAAACCAGAGCCTTCCATTTCTTGGCCACACAGCTCCCCATTAGGTGTTATCTGGAAGATGGAGCTTCAAAGGGTGCCTGGCTGAACTGGTCCAGTATTATTTTTGCGGGAGGTGATAAGTGGTCAGTGGATCCTCGAGTTTCAATTTCAACATAGAATAAAAGGGATCACAGCCCTACGATACAGAATGTAGTAGTGACGATAGAGTGCCCATACACGGGATCTGTTCAGACCTAACAGTCCCCGGTAGCAGTGGCCTGATAAGATGTGAAGGTCCAGGTGTGCTGCCTCCAGTCTCTGAATGGTACAAAGGAGAGAAGAAGATCTTCAATGGCCAACAAGGAGTTATTATTCAACATTTTAGCACAAGATTCATTCTCACTGTCACCAACGTGACATAGGTGCACTTCGGCAACTATAACCGTGTGGCTGCCAACAAGCTAGGCCCAACCGATGCGAGTGTGCCTCTTAACCTTCCTCCTAATATGTATGACCTCGCAAATGATATGACCGTCGATGAAGGAATCAACGTCGCTCTTACTTGTTTGGCCACTGGGAAACCAGAGCCTTCCATTTCTTGGCCACACAGCTCCCCATTAGGTGTTATCTGGAAGATGGAGCTTCAAAGGGTGCCTGGCTGAACT
5
301
112
594
1
265
434
