TTTCAGCATCGAGCACTAGTGTCTTCTGTCACGTGTCCTCTCAGCACCCCATTGCTACCACTTCCCAGGCATCAGCAGAGGAGGACTTTAGTCGAGGGCCGTGGCTGACCATGAAGTATTCTGTGGGCTTAGACGAGAGAGGGCCCACCTGCTTCCTCTGTGCCTATAGCATTGTTATGATGCTGCGGGAGTGCAGATGACCTGGATGGACTCCTCCGTGAGCTTCCGGAGGACTTCTTCTGTGGGACCAGCAGTCGGGACTGCCCCAAGGCAGCGCCCCCGCATTGAACAGGCGGCCTCTCGACTTCTTGTCGGCCGTGGAGGATCCAGTGAATCCCCCTTCCTTCCTGGTTCCCGAGGCAGCGCTGCAAAGACCCATCGTCACCAACCACCTTTTGCGGCTGGTCACTGCTTCCCACCGGACACGCAAGCAGCCCACCAGCCCCAAAACACGGCCCTTCCCTGGCCCGGCTGGGGCCCTGCCTCAACAGTGCCTGAGACCCTCCACTTTCAGCCCACGAGACTCCGGGGAAGCTTCCCTGGCAGCCCCCATCATAAGTATCCCTCGAGGAATAGCTCCCAGAGGTCTCAGGCACAGGAGTGTTCTCTCCGTCACTCCAGAATCACTACCTCAACGTGACGCCCAACAACCCGGTGCGTGTTTAGAGCCCAGATGCCGTGGCTGGGAGCTTCCTCAAGGTGTTTCAGCTTATCCCCAAGGCCGCCATGAAACAGCTTCCTAGGAACAAGGTCCCCCACATGGCTGTGATGATCAAGTCCCTGAGGCGGAGCGTGGTGGACGCCAGCGTGGTTTTCAAGGACCCCACAGGAGAGATGCAGTGCACGGTGCACAGGCTGCTGCTCGACACCCGCCAGAGTGTGCACTAACCAGGCTCGGTGCTGCTGCTAAAGCAGGCCCAGCGGAAAGCAACTGGAGGAGATCATGGTGCCCACACCCCAGACTCCAACTCATGGTGCTCGGGCTAAAGTCCGGTCACTCCAGAATCACTACCTCAACGTGACGCCCAACAACCCGGTGCGTGTTTAGAGCCCAGATGCCGTGGCTGGGAGCTTCCTCAAGGTGTTTCAGCTTATCCCCAAGGCCGCCATGAAACAGCTTCCTAGGAACAAGGTCCCCCACATGGCTGTGATGATCAAGTCCCTGAGGCGGAGCGTGGTGGACGCCAGCGTGGTTTTCAAGGACCCCACAGGAGAGATGCAGTGCACGGTGCACAGGCTGCTGCTCGACACCCGCCAGAGTGTGCACTAACCAGGCTCGGTGCTGCTGCTAAAGCAGGCCCAGGAATAGCTCCCAGAGGTCTCAGGCACAGGAGTGTTCTCTCCGTCACTCCAGAATCACTACCTCAACGTGACGCCCAACAACCCGGTGCGTGTTTAGAGCCCAGATGCCGTGGCTGGGAGCTTCCTCAAGGTGTTTCAGCTTATCCCCAAGGCCGCCATGAAACAGCTTCCTAGGAACAAGGTCCCCCACATGGCTGTGATGATCAAGTCCCTGAGGCGGAGCGTGGTGGACGCCAGCGTGGTTTTCAAGGACCCCACAGGAGAGATGCAGTGCACGGTGCACAGGCTGCTGCTCGACACCCGCCAGAGTGTGCACTAACCAGGCTCGGTGCTGCTGCTAAAGCAGGCCCAGCGGAAAGCAACTGGAGGAGATCATGGTGCCCACACCCCAGACTCCAAC
474
292
590
730
612
14
1
586
134
569
328
676
501
555
