TTTCACTGATGCCATAATAGATAGTGAAGGATATAAAGGGACACCATTGTGAAAAGTTATTTTACCAGTTTGAATCTTGAAATATTCCATATTCTCCTTTAACTCTACAGAAACCTCCATATCTAGTATGCTATGAAAGGAGTAATTGCCATATAAAATTTTGAGAAAAGTGACTATTGCTAGTAGATGATTTTTATGAGGAAAGAAAAACCTGTTTTGCTGATTCACTATTCACTGGATACTGTTTATTTAGCAGTTGTTTAATTGTTCACATAAATTGGAGACATTCAGCTCTGTTTAAAACAAGGGAGCCAATGTGCTGTTTAATGAACTGAAGCAGTTATACGATCACACTCAAAGGCCCTGTAGTGATTTCTTGCAGGGTCTCCAAGGGAGAATCTGGATGAATGTTTAGTGTTAGCACATTGAGCTCAAACTCAAGCTAGTTAAAGCTTCATCTTTTTTGATATGTAATTGATTACTAAGTGTTATCAGGTCTTCCTCTTAGGGTTTTGTATTGCTTCAAAGATATTGATTTGCCATGTGTCAGTTCTAGCATGAAGAGGATGCATTGTGGCAGATGTTACGAGGTAAAATTAGCACTGCAAAACAGAAAGGCAGATCATTGTACCATATGCTATTTGGACCTGTGATGTTGGCATCCTTCCTGCTGTGCTCCAACCCGCCAAGCTACCCAGACAGTGAGGCTGTGCCAAATGGCAAAACTAGCAGGACTTTACCAAGGAGAGGTAGCAACTGTCATGTGGCCAGTCCACTTGATCCCAGAGGATAGCCCACCAAATGGGAAACAAACAGGTCCTGAGGAAGTAGAAATCAAGTGCCCCTTGAATCACATTGCTTGCCGTAGTGCCAACGAATGTGTGCATTTATCCCAACTATGCAATGGTGTCCTGGATTGCTCAGATGGTTATGACGAAGGAATACACTGCCGTGAATTGTTAACCAATTGCCAGCAGCTGAATTGTCAGTATAAATGTGCAATGATGAGGAATAGTACAAGATGTTACTGTGAGGATGGATTTGAAGTAAAAGAAGATGGGAGAAGTTGTAGAGATCGAGACGAATGTGCTATTTACGGTACCTGCAGCCAGACCTGCATAAATACACATGGCTCCTATGCTTGCAGTTGTGTGGAGGGCTATCTAATGCAGCCAGACAACCGGTCTTGCAAAGCCAAAAACGAGCCTACAGATAGGCCGCCTATGTTACTAATTGCAAATTCTGAAACAATTGAGATGTTCTATCTTAATGGAAGTAAAATGGCAACTATAAGCTCAGTCAACAGGAATGAAATTCACACTCTGGATTTTATTTACAATGAAGAAATGATTTGTTGGATTGAATCAAGAGATTCTTCAAATCAACTGAAATGCATTCAGATAACAAAAACAGGAAGATTAACAGATGAATGGACAATCAATATTCTTCAGTCCTTCCACAATGTGGAACAAATGGCGATTGATTGGCTCACCAGAAATCTCTATTTTGTGGACCACGTCAGTGACCGGATCTTTGTTTGTAATTATAATGGGTCTGTGTGTGTCACCCTGATTGATCTGGAGCTTCATAATCCTAAGGCAATAGCAGTAGATCCAATAGCAGGAAAACTTTTCTTTACGGACTACGGGAATGTCGCCAAAGTGGAGCGATGTGACATGGATGGGATGAACAGAACCAGGATAATTGATTCAAAGACAGAGCAGCCAGCTGCACTGGCACTAGACCTAGTCAACAAATTGGTTTACTGGGTAGATCTGTACTTGGACTATGTGGGAGTAGTGGACTATCAAGGAAAAAATAGACATACCATTGTTCAAGGGAGACAAGTCAGACATCTTTATGGAATAACTGTGTTTGAAGACTATTTGTATGCAACCAATTCTGATAACTTCAACATCTTAAGGATAAACAGATTTAATGGCACCGATATTCATTCATTCATTAAAACAGAAAGTGCTCGAGGAATCCGAATCTATCAAAAAAGAACTCAACCAACAGGACCGAAGAATGAGTTGTTCCTCTTTTATGGAAAAGGACGCCCAGGAATTGTTAGAGGAATGGACTTGAATACCAAGATAGCTGATGAATACATGATCCCCATAGAAAATCTGGTAAACCCTCGTGCTGTAGATTTTCATGCAGAAACCAATTACATCTACTTTGCTGACACCACCAGTTTCTTAATTGGCCGGCAGAAGATAGATGGTACAGATCGAGAAACCATTCTGAAAGATGATCTGGATAATGTAGAGGGCATTGCTGTGGACTGGATTGGAAATAACCTTTACTGGACAAATGATGGCCATAGAAAAACAATTAATGTGGCCAGACTGGAAAAGGCTTCTCAGAGTCGGAAGACTCTTTTAGAAGGAGAAATGTCCCATCCCAGAGGAATTGTGGTGGATCCAGTTAATGGTTGGATGTATTGGACAGACTGGGAGGAAGATGATATAGATGACAGCGTGGGAAGGATCGAAAAGGCTTGGATGGATGGCTTCAATCGGCAGATTTTTGTGACTTCAAAGATGCTGTGGCCAAATGGTTTAACTCTGGACTTTCACACTAACACATTATACTGGTGTGATGCCTATTATGATCATATTGAAAAAGTGTTTTTGAATGGAACTCACAGGAAGATTGTATACAGTGGAAAAGAATTGAATCATCCCTTTGGATTGTCACATCATGGCAATTACGTGTTCTGGACTGATTATATGAATGGTTCCATTTTTCAACTAGATTTGATAACAAGTGAGGTGACATTGCTGAGGCATGAAAGACCACCTTTGTTTGGGCTTCAGATTTATGATCCACGAAAGCAACAAGGTGACAATATGTGCCGAGTCAATAATGGGGGCTGTAGTACACTTTGCTTGGCCATTCCAGCAGGCCGAGTCTGTGCTTGTGCCGATAATCAACTTTTGGATGAAAATGGGACAACTTGCACATTTAATCCAGGAGAAGCATTACCTCACATATGCAAACCTGGAGAATTTCGCTGCCAAAACAGACACTGTATCCAAGCTCGGTGGAAATGTGATGGTGATGACGACTGTTTAGACGGAAGTGATGAGGACTTGGTCAATTGCTTCAATCATACCTGTCCTGATGATCAATTTAAATGCCAGAATAATCGATGTATCCCCAAGAGATGGCTTTGTGATGGAGCTAATGATTGTGGGAGCAATGAGGATGAATCCAATCAAACTTGTGCAGCCAGAACATGCCAGGCAGACCAATTTTCTTGTGGAAATGGACGATGTATTCTCAGAGCATGGCTATGTGACAGAGAAGATGACTGTGGTGACCAGACAGATGAAATGGCATCCTGTGATGATGACTGTGGTGATGGGAGTGATGAGGAAGGCTGTGTTTACTCTTGTTTTGATCACCAGTTCAGATGTGCCAGTGGCAGATGTATCCCAGGCCATTGGGCCTGTGATGGTGACAATGACTGTGGGGACTTCAGTGATGAAACCCAAGTCAATTGTACCAAAGAAGAGATTCGTTCTCCTGCTGGCTGTAATGGGAATCACTTCCAGTGCCATCCTGATGGAAATTGCATTCCTGATCTGTGGCGCTGTGATGGAGAAAAAGACTGTGAAGATGGTAGCGATGAAAAAGGATGCAATGGCACGATACGCTTGTGTGATCACAAAACCAAGTTCTCCTGTCAGCGTACAGGGAGATGCATTAACAAAGCATGGGTATGTGATGGAGATATTGATTGTGAAGATCAATCAGATGAAGAAGACTGTGACAGTTTTATGTGTGGACCACCCAAGTACCCTTGTGCTAATGATACTTCAGTGTGCCTGCAGCCAGAAAAACTCTGCAATGGGAAAAAAGACTGTCCTGATGGTTCTGATGAAGGCGATCTGTGCGATGAATGTTCACTGAACAATGGAGGCTGTAGCAACCATTGTTCTGTTGTTCCCGGAAGAGGAATTGTCTGTTCTTGTCCTGAAGGACTTCAACTCAACAAAGACAATAAAACATGTGAAATTGTGGATTATTGTAGCAATCATCTGAAGTGCAGCCAAGTGTGCGAGCAGCACAAACACACAGTCAAGTGTTCATGTTATGAAGGGTGGAAGCTGGATGTGGATGGAGAAAGTTGCACAAGTGTTGATCCTTTTGAAGCATTCATCATCTTTTCTATTCGCCATGAAATTCGAAGAATTGATCTTCATAAAAGAGACTATAGTCTACTAGTTCCTGGATTGAGAAACACCATAGCACTTGATTTTCACTTCAATCAAAGTTTACTTTATTGGACAGATGTTGTAGAAGACAGGATATACCGGGGCAAGCTTTCAGAGAGTGGAGGTGTCACTGCAATAGAGGTGGTTGTGGAGCATGGCCTGGCTACCCCAGAAGGCCTGACTGTTGACTGGATAGCAGGCAACATATACTGGATAGACAGCAATCTGGATCAAATCGAAGTGGCCAAACTGGATGGTTCCCTCAGAACTACACTAATAGCAGGAGCCATGGAGCACCCTAGGGCCATTGCTTTGGACCCAAGATATGGGTCAGATGCTATCTACTCAGCCCTTTATGATGGGACAAACATGATAGAAATCATCCGAGGCCATGAATATCTTTCTCATCCCTTTGCTGTGTCTCTATATGGGAGTGAAGTCTATTGGACAGATTGGAGAACCAACACATTGTCCAAAGCCAATAAATGGACAGGACAGAATGTCAGTGTGATTCAGAAAACCAGTGCACAGCCTTTTGACCTTCAGATATATCATCCCAGTCGTCAGCCACAGGAAATGAAAAAATTTCTCCTTTACGCAAGGCGCTCTGAAATCAGAGGAGTGGATATCGACAATCCATATTTTAACTTTATCACGGCCTTTACAGTCCCTGATATTGATGATGTTACTGTGATAGACTTTGATGCCTCTGAAGAACGTTTATACTGGACTGATATCAAAACCCAAACCATCAAACGGGCTTTTATTAATGGAACTGGGTTAGAAACTGTTATTTCAAGAGATATTCAGAGTATAAGAGGGCTAGCAGTGGATTGGGTATCCCGTAATTTATACTGGATTAGCTCAGAATTTGATGAAACACAAATTAATGTGGCACGGCTAGATGGCTCTTTGAAAACCTCAATTATCCACGGAATCGATAAGCCACAGTGTCTTGCAGCTCACCCAGTGAGGGGGAAACTCTACTGGACAGATGGAAATACAATTAACATGGCAAATATGGATGGCAGTAATAGCAAGATTCTCTTTCAGAATCAAAAGGAACCAGTAGGTCTATCGATAGACTATGTGGAAAACAAGCTTTATTGGATCAGTTCGGGAAATGGAACCATAAATAGATGCAACCTGGATGGTGGTAATTTAGAAGTAATAGAGTCAATGAAAGAAGAATTAACAAAAGCTACAGCCTTAACTATCATGGGCAGCAACTCTTGCCACCTAAATAATGGTGGATGCTCACAGCTTTGTTTACCAACATCTGAAACTACAAGGACTTGCATGTGTACAGTGGGATATTATCTCCAAAAGAACCGCATGTCATGTCAAGGTATAGAATCATTTCTCATGTACTCCGTTCATGAAGGAATCAGGGGAATACCTCTTGAACCAAGTGACAAAATGGATGCTTTGATGCCCATCTCGGGAACTTCATTTGCCGTGGGAATAGATTTCCATGCTGGAAATGATACCATCTATTGGACAGACATGGGCTTTAATAAAATCAGCCGAGCTAAAAGAGATCAGACTTGGAAAGAAGATATCATTACCAATGGCTTGGGAAGAGTGGAAGGAATAGCCATTGACTGGATTGCTGGTAACATCTATTGGACAGATCATGGTTTTAACTTAATTGAAGTTGCAAGACTCAATGGCTCTTTCCGTTATGTAATTATTTCCCAAGGCCTGGATCAACCAAGATCTATAGCTGTGCACCCAGAGAAAGGCTTCCTGTTCTGGACTGAATGGGGACAGATGCCCTGCATTGGAAAGGCTCGCTTAGATGGCTCAGACAAAGTTGTTCTTGTAAGCATGGGGATAGTGTGGCCGAATGGCATCTCCATTGACTATGAGGAAAATAAATTGTACTGGTGCGATGCTCGCACAGACAAGATAGAGAGAATTGACCTTGAAACCGGAGGCCATCGTGAGATGGTGCTGTCGGGGAACAACGTGGATATGTTTTCAGTTGCGGTCTTTGGGGCTTACATCTACTGGTCTGACAGGGCACATGCCAACGGGTCAGTCAGAAGGGGTCACAAGAATGATGCCACCGAGACTGTCACCATGAGAACTGGCCTTGGAGTCAACCTGAAGGAGATTAAAATCTTTAACCGAGTAAGAGAGAAAGGGACCAATGTTTGTGCGAAGGACAATGGTGGCTGTAAGCAACTCTGTCTTTATCGAGGAAATTCCCGGAGAACTTGTGCTTGTGCCCACGGATACTTGGCAGAGGATGGAGTTACTTGCCTACGGCATGAAGGCTATTTGCTGTATTCAGGGAGAACAATATTAAAAAGTATACATCTTTCTGATGAAACCAATTTAAATTCCCCAATAAGGCCATATGAGAATCCACATTATTTCAAGAATGTCATAGCCTTGGCTTTTGACTATAATCAAAGAAGGAAAGGTACCAACCGAATCTTTTACAGTGATGCACACTTTGGAAATATACAGCTTATTAAAGATAACTGGGAAGACAGACAAGTAATTGTTGAAAATGTAGGTTCTGTGGAAGGACTTGCCTATCACAGAGCCTGGGATACACTGTACTGGACCAGCTCCACTACCTCATCCATCACTAGGCACACAGTGGACCAAACCAGGCCTGGAGCTTTTGACAGAGAAGCAGTCATCACCATGTCAGAGGATGACCACCCACATGTGCTGGCCTTGGTCCTGAGGAAGTAGAAATCAAGTGCCCCTTGAATCACATTGCTTGCCGTAGTGCCAACGAATGTGTGCATTTATCCCAACTATGCAATGGTGTCCTGGATTGCTCAGATGGTTATGACGAAGGAATACACTGCCGTGAATTGTTAACCAATTGCCAGCAGCTGAATTGTCAGTATAAATGTGCAATGATGAGGAATAGTACAAGATGTTACTGTGAGGATGGATTTGAAGTAAAAGAAGATGGGAGAAGTTGTAGAGATCGAGACGAATGTGCTATTTACGGTACCTGCAGCCAGACCTGCATAAATACACATGGCTCCTATGCTTGCAGTTGTGTGGAGGGCTATCTAATGCAGCCAGACAACCGGTCTTGCAAAGCCAAAAACGAGCCTACAGATAGGCCGCCTATGTTACTAATTGCAAATTCTGAAACAATTGAGATGTTCTATCTTAATGGAAGTAAAATGGCAACTATAAGCTCAGTCAACAGGAATGAAATTCACACTCTGGATTTTATTTACAATGAAGAAATGATTTGTTGGATTGAATCAAGAGATTCTTCAAATCAACTGAAATGCATTCAGATAACAAAAACAGGAAGATTAACAGATGAATGGACAATCAATATTCTTCAGTCCTTCCACAATGTGGAACAAATGGCGATTGATTGGCTCACCAGAAATCTCTATTTTGTGGACCACGTCAGTGACCGGATCTTTGTTTGTAATTATAATGGGTCTGTGTGTGTCACCCTGATTGATCTGGAGCTTCATAATCCTAAGGCAATAGCAGTAGATCCAATAGCAGGAAAACTTTTCTTTACGGACTACGGGAATGTCGCCAAAGTGGAGCGATGTGACATGGATGGGATGAACAGAACCAGGATAATTGATTCAAAGACAGAGCAGCCAGCTGCACTGGCACTAGACCTAGTCAACAAATTGGTTTACTGGGTAGATCTGTACTTGGACTATGTGGGAGTAGTGGACTATCAAGGAAAAAATAGACATACCATTGTTCAAGGGAGACAAGTCAGACATCTTTATGGAATAACTGTGTTTGAAGACTATTTGTATGCAACCAATTCTGATAACTTCAACATCTTAAGGATAAACAGATTTAATGGCACCGATATTCATTCATTCATTAAAACAGAAAGTGCTCGAGGAATCCGAATCTATCAAAAAAGAACTCAACCAACAGGACCGAAGAATGAGTTGTTCCTCTTTTATGGAAAAGGACGCCCAGGAATTGTTAGAGGAATGGACTTGAATACCAAGATAGCTGATGAATACATGATCCCCATAGAAAATCTGGTAAACCCTCGTGCTGTAGATTTTCATGCAGAAACCAATTACATCTACTTTGCTGACACCACCAGTTTCTTAATTGGCCGGCAGAAGATAGATGGTACAGATCGAGAAACCATTCTGAAAGATGATCTGGATAATGTAGAGGGCATTGCTGTGGACTGGATTGGAAATAACCTTTACTGGACAAATGATGGCCATAGAAAAACAATTAATGTGGCCAGACTGGAAAAGGCTTCTCAGAGTCGGAAGACTCTTTTAGAAGGAGAAATGTCCCATCCCAGAGGAATTGTGGTGGATCCAGTTAATGGTTGGATGTATTGGACAGACTGGGAGGAAGATGATATAGATGACAGCGTGGGAAGGATCGAAAAGGCTTGGATGGATGGCTTCAATCGGCAGATTTTTGTGACTTCAAAGATGCTGTGGCCAAATGGTTTAACTCTGGACTTTCACACTAACACATTATACTGGTGTGATGCCTATTATGATCATATTGAAAAAGTGTTTTTGAATGGAACTCACAGGAAGATTGTATACAGTGGAAAAGAATTGAATCATCCCTTTGGATTGTCACATCATGGCAATTACGTGTTCTGGACTGATTATATGAATGGTTCCATTTTTCAACTAGATTTGATAACAAGTGAGGTGACATTGCTGAGGCATGAAAGACCACCTTTGTTTGGGCTTCAGATTTATGATCCACGAAAGCAACAAGGTGACAATATGTGCCGAGTCAATAATGGGGGCTGTAGTACACTTTGCTTGGCCATTCCAGCAGGCCGAGTCTGTGCTTGTGCCGATAATCAACTTTTGGATGAAAATGGGACAACTTGCACATTTAATCCAGGAGAAGCATTACCTCACATATGCAAACCTGGAGAATTTCGCTGCCAAAACAGACACTGTATCCAAGCTCGGTGGAAATGTGATGGTGATGACGACTGTTTAGACGGAAGTGATGAGGACTTGGTCAATTGCTTCAATCATACCTGTCCTGATGATCAATTTAAATGCCAGAATAATCGATGTATCCCCAAGAGATGGCTTTGTGATGGAGCTAATGATTGTGGGAGCAATGAGGATGAATCCAATCAAACTTGTGCAGCCAGAACATGCCAGGCAGACCAATTTTCTTGTGGAAATGGACGATGTATTCTCAGAGCATGGCTATGTGACAGAGAAGATGACTGTGGTGACCAGACAGATGAAATGGCATCCTGTGATGATGACTGTGGTGATGGGAGTGATGAGGAAGGCTGTGTTTACTCTTGTTTTGATCACCAGTTCAGATGTGCCAGTGGCAGATGTATCCCAGGCCATTGGGCCTGTGATGGTGACAATGACTGTGGGGACTTCAGTGATGAAACCCAAGTCAATTGTACCAAAGAAGAGATTCGTTCTCCTGCTGGCTGTAATGGGAATCACTTCCAGTGCCATCCTGATGGAAATTGCATTCCTGATCTGTGGCGCTGTGATGGAGAAAAAGACTGTGAAGATGGTAGCGATGAAAAAGGATGCAATGGCACGATACGCTTGTGTGATCACAAAACCAAGTTCTCCTGTCAGCGTACAGGGAGATGCATTAACAAAGCATGGGTATGTGATGGAGATATTGATTGTGAAGATCAATCAGATGAAGAAGACTGTGACAGTTTTATGTGTGGACCACCCAAGTACCCTTGTGCTAATGATACTTCAGTGTGCCTGCAGCCAGAAAAACTCTGCAATGGGAAAAAAGACTGTCCTGATGGTTCTGATGAAGGCGATCTGTGCGATGAATGTTCACTGAACAATGGAGGCTGTAGCAACCATTGTTCTGTTGTTCCCGGAAGAGGAATTGTCTGTTCTTGTCCTGAAGGACTTCAACTCAACAAAGACAATAAAACATGTGAAATTGTGGATTATTGTAGCAATCATCTGAAGTGCAGCCAAGTGTGCGAGCAGCACAAACACACAGTCAAGTGTTCATGTTATGAAGGGTGGAAGCTGGATGTGGATGGAGAAAGTTGCACAAGTGTTGATCCTTTTGAAGCATTCATCATCTTTTCTATTCGCCATGAAATTCGAAGAATTGATCTTCATAAAAGAGACTATAGTCTACTAGTTCCTGGATTGAGAAACACCATAGCACTTGATTTTCACTTCAATCAAAGTTTACTTTATTGGACAGATGTTGTAGAAGACAGGATATACCGGGGCAAGCTTTCAGAGAGTGGAGGTGTCACTGCAATAGAGGTGGTTGTGGAGCATGGCCTGGCTACCCCAGAAGGCCTGACTGTTGACTGGATAGCAGGCAACATATACTGGATAGACAGCAATCTGGATCAAATCGAAGTGGCCAAACTGGATGGTTCCCTCAGAACTACACTAATAGCAGGAGCCATGGAGCACCCTAGGGCCATTGCTTTGGACCCAAGATATGGGTCAGATGCTATCTACTCAGCCCTTTATGATGGGACAAACATGATAGAAATCATCCGAGGCCATGAATATCTTTCTCATCCCTTTGCTGTGTCTCTATATGGGAGTGAAGTCTATTGGACAGATTGGAGAACCAACACATTGTCCAAAGCCAATAAATGGACAGGACAGAATGTCAGTGTGATTCAGAAAACCAGTGCACAGCCTTTTGACCTTCAGATATATCATCCCAGTCGTCAGCCACAGGAAATGAAAAAATTTCTCCTTTACGCAAGGCGCTCTGAAATCAGAGGAGTGGATATCGACAATCCATATTTTAACTTTATCACGGCCTTTACAGTCCCTGATATTGATGATGTTACTGTGATAGACTTTGATGCCTCTGAAGAACGTTTATACTGGACTGATATCAAAACCCAAACCATCAAACGGGCTTTTATTAATGGAACTGGGTTAGAAACTGTTATTTCAAGAGATATTCAGAGTATAAGAGGGCTAGCAGTGGATTGGGTATCCCGTAATTTATACTGGATTAGCTCAGAATTTGATGAAACACAAATTAATGTGGCACGGCTAGATGGCTCTTTGAAAACCTCAATTATCCACGGAATCGATAAGCCACAGTGTCTTGCAGCTCACCCAGTGAGGGGGAAACTCTACTGGACAGATGGAAATACAATTAACATGGCAAATATGGATGGCAGTAATAGCAAGATTCTCTTTCAGAATCAAAAGGAACCAGTAGGTCTATCGATAGACTATGTGGAAAACAAGCTTTATTGGATCAGTTCGGGAAATGGAACCATAAATAGATGCAACCTGGATGGTGGTAATTTAGAAGTAATAGAGTCAATGAAAGAAGAATTAACAAAAGCTACAGCCTTAACTATCATGGGCAGCAACTCTTGCCACCTAAATAATGGTGGATGCTCACAGCTTTGTTTACCAACATCTGAAACTACAAGGACTTGCATGTGTACAGTGGGATATTATCTCCAAAAGAACCGCATGTCATGTCAAGGTATAGAATCATTTCTCATGTACTCCGTTCATGAAGGAATCAGGGGAATACCTCTTGAACCAAGTGACAAAATGGATGCTTTGATGCCCATCTCGGGAACTTCATTTGCCGTGGGAATAGATTTCCATGCTGGAAATGATACCATCTATTGGACAGACATGGGCTTTAATAAAATCAGCCGAGCTAAAAGAGATCAGACTTGGAAAGAAGATATCATTACCAATGGCTTGGGAAGAGTGGAAGGAATAGCCATTGACTGGATTGCTGGTAACATCTATTGGACAGATCATGGTTTTAACTTAATTGAAGTTGCAAGACTCAATGGCTCTTTCCGTTATGTAATTATTTCCCAAGGCCTGGATCAACCAAGATCTATAGCTGTGCACCCAGAGAAAGGCTTCCTGTTCTGGACTGAATGGGGACAGATGCCCTGCATTGGAAAGGCTCGCTTAGATGGCTCAGACAAAGTTGTTCTTGTAAGCATGGGGATAGTGTGGCCGAATGGCATCTCCATTGACTATGAGGAAAATAAATTGTACTGGTGCGATGCTCGCACAGACAAGATAGAGAGAATTGACCTTGAAACCGGAGGCCATCGTGAGATGGTGCTGTCGGGGAACAACGTGGATATGTTTTCAGTTGCGGTCTTTGGGGCTTACATCTACTGGTCTGACAGGGCACATGCCAACGGGTCAGTCAGAAGGGGTCACAAGAATGATGCCACCGAGACTGTCACCATGAGAACTGGCCTTGGAGTCAACCTGAAGGAGATTAAAATCTTTAACCGAGTAAGAGAGAAAGGGACCAATGTTTGTGCGAAGGACAATGGTGGCTGTAAGCAACTCTGTCTTTATCGAGGAAATTCCCGGAGAACTTGTGCTTGTGCCCACGGATACTTGGCAGAGGATGGAGTTACTTGCCTACGGCATGAAGGCTATTTGCTGTATTCAGGGAGAACAATATTAAAAAGTATACATCTTTCTGATGAAACCAATTTAAATTCCCCAATAAGGCCATATGAGAATCCACATTATTTCAAGAATGTCATAGCCTTGGCTTTTGACTATAATCAAAGAAGGAAAGGTACCAACCGAATCTTTTACAGTGATGCACACTTTGGAAATATACAGCTTATTAAAGATAACTGGGAAGACAGACAAGTAATTGTTGAAAATGTAGGTTCTGTGGAAGGAGAAAAGTGACTATTGCTAGTAGATGATTTTTATGAGGAAAGAAAAACCTGTTTTGCTGATTCACTATTCACTGGATACTGTTTATTTAGCAGTTGTTTAATTGTTCACATAAATTGGAGACATTCAGCTCTGTTTAAAACAAGGGAGCCAATGTGCTGTTTAATGAACTGAAGCAGTTATACGATCACACTCAAAGGCCCTGTAGTGATTTCTTGCAGGGTCTCCAAGGGAGAATCTGGATGAATGTTTAGTGTTAGCACATTGAGCTCAAACTCAAGCTAGTTAAAGCTTCATCTTTTTTGATATGTAATTGATTACTAAGTGTTATCAGGTCTTCCTCTTAGGGTTTTGTATTGCTTCAAAGATATTGATTTGCCATGTGTCAGTTCTAGCATGAAGAGGATGCATTGTGGCAGATGTTACGAGGTAAAATTAGCACTGCAAAACAGAAAGGCAGATCATTGTACCATATGCTATTTGGACCTGTGATGTTGGCATCCTTCCTGCTGTGCTCCAACCCGCCAAGCTACCCAGACAGTGAGGCTGTGAAGGGTGGAAGCTGGATGTGGATGGAGAAAGTTGCACAAGTGTTGATCCTTTTGAAGCATTCATCATCTTTTCTATTCGCCATGAAATTCGAAGAATTGATCTTCATAAAAGAGACTATAGTCTACTAGTTCCTGGATTGAGAAACACCATAGCACTTGATTTTCACTTCAATCAAAGTTTACTTTATTGGACAGATGTTGTAGAAGACAGGATATACCGGGGCAAGCTTTCAGAGAGTGGAGGTGTCACTGCAATAGAGGTGGTTGTGGAGCATGGCCTGGCTACCCCAGAAGGCCTGACTGTTGACTGGATAGCAGGCAACATATACTGGATAGACAGCAATCTGGATCAAATCGAAGTGGCCAAACTGGATGGTTCCCTCAGAACTACACTAATAGCAGGAGCCATGGAGCACCCTAGGGCCATTGCTTTGGACCCAAGATATGGGTCAGATGCTATCTACTCAGCCCTTTATGATGGGACAAACATGATAGAAATCATCCGAGGCCATGAATATCTTTCTCATCCCTTTGCTGTGTCTCTATATGGGAGTGAAGTCTATTGGACAGATTGGAGAACCAACACATTGTCCAAAGCCAATAAATGGACAGGACAGAATGTCAGTGTGATTCAGAAAACCAGTGCACAGCCTTTTGACCTTCAGATATATCATCCCAGTCGTCAGCCACAGGAAATGAAAAAATTTCTCCTTTACGCAAGGCGCTCTGAAATCAGAGGAGTGGATATCGACAATCCATATTTTAACTTTATCACGGCCTTTACAGTCCCTGATATTGATGATGTTACTGTGATAGACTTTGATGCCTCTGAAGAACGTTTATACTGGACTGATATCAAAACCCAAACCATCAAACGGGCTTTTATTAATGGAACTGGGTTAGAAACTGTTATTTCAAGAGATATTCAGAGTATAAGAGGGCTAGCAGTGGATTGGGTATCCCGTAATTTATACTGGATTAGCTGCCCTGCATTGGAAAGGCTCGCTTAGATGGCTCAGACAAAGTTGTTCTTGTAAGCATGGGGATAGTGTGGCCGAATGGCATCTCCATTGACTATGAGGAAAATAAATTGTACTGGTGCGATGCTCGCACAGACAAGATAGAGAGAATTGACCTTGAAACCGGAGGCCATCGTGAGATGGTGCTGTCGGGGAACAACGTGGATATGTTTTCAGTTGCGGTCTTTGGGGCTTACATCTACTGGTCTGACAGGGCACATGCCAACGGGTCAGTCAGAAGGGGTCACAAGAATGATGCCACCGAGACTGTCACCATGAGAACTGGCCTTGGAGTCAACCTGAAGGAGATTAAAATCTTTAACCGAGTAAGAGAGAAAGGGACCAATGTTTGTGCGAAGGACAATGGTGGCTGTAAGCAACTCTGTCTTTATCGAGGAAATTCCCGGAGAACTTGTGCTTGTGCCCACGGATACTTGGCAGAGGATGGAGTTACTTGCCTACGGCATGAAGGCTATTTGCTGTATTCAGGGAGAACAATATTAAAAAGTATACATCTTTCTGATGAAACCAATTTAAATTCCCCAATAAGGCCATATGAGAATCCACATTATTTCAAGAATGTCATAGCCTTGGCTTTTGACTATAATCAAAGAAGGAAAGGTACCAA
1112
3585
3638
6223
7
5105
164
2707
519
3354
2002
2143
3815
2238
4023
3439
4103
1514
5722
3589
5256
3699
1840
5485
4328
1845
3201
4664
5605
2252
4791
2800
4106
1844
754
4670
704
5686
5473
816
5943
3354
4739
5275
1020
4985
3076
2245
4785
5837
1596
3189
1976
1532
4719
1452
3051
1847
5588
1141
1023
1075
6168
3562
2517
5004
47
5481
2415
2622
1197
2605
4467
5767
3700
1459
630
5019
3471
4115
3653
2732
4395
4336
3704
6002
1686
1986
4729
3033
1
4101
5594
5952
1847
3032
4526
1452
1584
4580
